Archive member included to satisfy reference by file (symbol)

/opt/devkitpro/libogc/lib/wii/libwiiuse.a(wpad.o)
                              obj/Debug/main.o (WPAD_SetDataFormat)
/opt/devkitpro/libogc/lib/wii/libwiiuse.a(motion_plus.o)
                              /opt/devkitpro/libogc/lib/wii/libwiiuse.a(wpad.o) (wiiuse_set_motion_plus)
/opt/devkitpro/libogc/lib/wii/libwiiuse.a(dynamics.o)
                              /opt/devkitpro/libogc/lib/wii/libwiiuse.a(wpad.o) (calculate_gforce)
/opt/devkitpro/libogc/lib/wii/libwiiuse.a(io.o)
                              /opt/devkitpro/libogc/lib/wii/libwiiuse.a(motion_plus.o) (wiiuse_disable_expansion)
/opt/devkitpro/libogc/lib/wii/libwiiuse.a(io_wii.o)
                              /opt/devkitpro/libogc/lib/wii/libwiiuse.a(wpad.o) (__wiiuse_sensorbar_enable)
/opt/devkitpro/libogc/lib/wii/libwiiuse.a(ir.o)
                              /opt/devkitpro/libogc/lib/wii/libwiiuse.a(motion_plus.o) (wiiuse_set_ir_mode)
/opt/devkitpro/libogc/lib/wii/libwiiuse.a(nunchuk.o)
                              /opt/devkitpro/libogc/lib/wii/libwiiuse.a(io.o) (nunchuk_handshake)
/opt/devkitpro/libogc/lib/wii/libwiiuse.a(wiiboard.o)
                              /opt/devkitpro/libogc/lib/wii/libwiiuse.a(io.o) (wii_board_handshake)
/opt/devkitpro/libogc/lib/wii/libwiiuse.a(wiiuse.o)
                              /opt/devkitpro/libogc/lib/wii/libwiiuse.a(wpad.o) (wiiuse_init)
/opt/devkitpro/libogc/lib/wii/libwiiuse.a(speaker.o)
                              /opt/devkitpro/libogc/lib/wii/libwiiuse.a(wpad.o) (wencdata)
/opt/devkitpro/libogc/lib/wii/libwiiuse.a(classic.o)
                              /opt/devkitpro/libogc/lib/wii/libwiiuse.a(io.o) (classic_ctrl_handshake)
/opt/devkitpro/libogc/lib/wii/libwiiuse.a(events.o)
                              /opt/devkitpro/libogc/lib/wii/libwiiuse.a(io_wii.o) (parse_event)
/opt/devkitpro/libogc/lib/wii/libwiiuse.a(guitar_hero_3.o)
                              /opt/devkitpro/libogc/lib/wii/libwiiuse.a(io.o) (guitar_hero_3_handshake)
/opt/devkitpro/libogc/lib/wii/libbte.a(bte.o)
                              /opt/devkitpro/libogc/lib/wii/libwiiuse.a(wpad.o) (BTE_Init)
/opt/devkitpro/libogc/lib/wii/libbte.a(hci.o)
                              /opt/devkitpro/libogc/lib/wii/libbte.a(bte.o) (hci_init)
/opt/devkitpro/libogc/lib/wii/libbte.a(l2cap.o)
                              /opt/devkitpro/libogc/lib/wii/libbte.a(bte.o) (l2cap_init)
/opt/devkitpro/libogc/lib/wii/libbte.a(btmemb.o)
                              /opt/devkitpro/libogc/lib/wii/libbte.a(bte.o) (btmemb_init)
/opt/devkitpro/libogc/lib/wii/libbte.a(btmemr.o)
                              /opt/devkitpro/libogc/lib/wii/libbte.a(hci.o) (btmemr_init)
/opt/devkitpro/libogc/lib/wii/libbte.a(btpbuf.o)
                              /opt/devkitpro/libogc/lib/wii/libbte.a(hci.o) (btpbuf_init)
/opt/devkitpro/libogc/lib/wii/libbte.a(physbusif.o)
                              /opt/devkitpro/libogc/lib/wii/libbte.a(bte.o) (physbusif_init)
/opt/devkitpro/libogc/lib/wii/libogc.a(console.o)
                              obj/Debug/main.o (CON_Init)
/opt/devkitpro/libogc/lib/wii/libogc.a(lwp_queue.o)
                              /opt/devkitpro/libogc/lib/wii/libwiiuse.a(io_wii.o) (__lwp_queue_initialize)
/opt/devkitpro/libogc/lib/wii/libogc.a(lwp_threads.o)
                              /opt/devkitpro/libogc/lib/wii/libwiiuse.a(wpad.o) (_thread_dispatch_disable_level)
/opt/devkitpro/libogc/lib/wii/libogc.a(lwp.o)
                              /opt/devkitpro/libogc/lib/wii/libbte.a(bte.o) (LWP_InitQueue)
/opt/devkitpro/libogc/lib/wii/libogc.a(lwp_handler.o)
                              /opt/devkitpro/libogc/lib/wii/libogc.a(lwp_threads.o) (_cpu_context_save_fp)
/opt/devkitpro/libogc/lib/wii/libogc.a(lwp_stack.o)
                              /opt/devkitpro/libogc/lib/wii/libogc.a(lwp_threads.o) (__lwp_stack_allocate)
/opt/devkitpro/libogc/lib/wii/libogc.a(lwp_watchdog.o)
                              /opt/devkitpro/libogc/lib/wii/libogc.a(lwp_threads.o) (_wd_ticks_queue)
/opt/devkitpro/libogc/lib/wii/libogc.a(lwp_wkspace.o)
                              /opt/devkitpro/libogc/lib/wii/libwiiuse.a(motion_plus.o) (__wkspace_heap)
/opt/devkitpro/libogc/lib/wii/libogc.a(lwp_objmgr.o)
                              /opt/devkitpro/libogc/lib/wii/libogc.a(lwp.o) (__lwp_objmgr_initinfo)
/opt/devkitpro/libogc/lib/wii/libogc.a(lwp_heap.o)
                              /opt/devkitpro/libogc/lib/wii/libogc.a(lwp_wkspace.o) (__lwp_heap_init)
/opt/devkitpro/libogc/lib/wii/libogc.a(sys_state.o)
                              /opt/devkitpro/libogc/lib/wii/libogc.a(lwp_threads.o) (_sys_state_curr)
/opt/devkitpro/libogc/lib/wii/libogc.a(irq.o)
                              /opt/devkitpro/libogc/lib/wii/libwiiuse.a(io_wii.o) (IRQ_Disable)
/opt/devkitpro/libogc/lib/wii/libogc.a(video.o)
                              /opt/devkitpro/libogc/lib/wii/libogc.a(console.o) (VIDEO_GetCurrentFramebuffer)
[...]
Memory Configuration

Name             Origin             Length             Attributes
*default*        0x00000000         0xffffffff

Linker script and memory map

                0x00003400                        . = 0x3400

.stub
 *(.stub)
                0x80004000                        . = 0x80004000

.init           0x80a00100      0x194
 *crt0.o(*.init)
 .init          0x80a00100      0x170 /opt/devkitpro/libogc/lib/wii/libogc.a(ogc_crt0.o)
                0x80a00100                _start
                0x80a00240                _memset
 *(.init)
 .init          0x80a00270        0xc /opt/devkitpro/devkitPPC/bin/../lib/gcc/powerpc-eabi/13.2.0/ecrti.o
                0x80a00270                __init
 .init          0x80a0027c        0x4 /opt/devkitpro/devkitPPC/bin/../lib/gcc/powerpc-eabi/13.2.0/crtbegin.o
 .init          0x80a00280        0x4 /opt/devkitpro/devkitPPC/bin/../lib/gcc/powerpc-eabi/13.2.0/crtend.o
 .init          0x80a00284       0x10 /opt/devkitpro/devkitPPC/bin/../lib/gcc/powerpc-eabi/13.2.0/ecrtn.o

.rela.dyn       0x80a00294        0x0
 .rela.iplt     0x80a00294        0x0 /opt/devkitpro/devkitPPC/bin/../lib/gcc/powerpc-eabi/13.2.0/crtbegin.o

.plt
 *(.plt)

.interp
 *(.interp)

.hash
 *(.hash)

.dynsym
 *(.dynsym)

.dynstr
 *(.dynstr)

.gnu.version
 *(.gnu.version)

.gnu.version_d
 *(.gnu.version_d)

.gnu.version_r
 *(.gnu.version_r)

.rel.init
 *(.rel.init)

.rela.init
 *(.rela.init)

.rel.text
 *(.rel.text .rel.text.* .rel.gnu.linkonce.t.*)

.rela.text      0x80a00294        0x0
 *(.rela.text .rela.text.* .rela.gnu.linkonce.t.*)
 .rela.text.__gthread_active_p
                0x80a00294        0x0 /opt/devkitpro/devkitPPC/bin/../lib/gcc/powerpc-eabi/13.2.0/crtbegin.o
 .rela.text.__gthread_once
                0x80a00294        0x0 /opt/devkitpro/devkitPPC/bin/../lib/gcc/powerpc-eabi/13.2.0/crtbegin.o
 .rela.text.__gthread_key_create
                0x80a00294        0x0 /opt/devkitpro/devkitPPC/bin/../lib/gcc/powerpc-eabi/13.2.0/crtbegin.o
 .rela.text.__gthread_key_delete
                0x80a00294        0x0 /opt/devkitpro/devkitPPC/bin/../lib/gcc/powerpc-eabi/13.2.0/crtbegin.o
 .rela.text.__gthread_getspecific
                0x80a00294        0x0 /opt/devkitpro/devkitPPC/bin/../lib/gcc/powerpc-eabi/13.2.0/crtbegin.o
 .rela.text.__gthread_setspecific
                0x80a00294        0x0 /opt/devkitpro/devkitPPC/bin/../lib/gcc/powerpc-eabi/13.2.0/crtbegin.o
 .rela.text.__gthread_mutex_init_function
                0x80a00294        0x0 /opt/devkitpro/devkitPPC/bin/../lib/gcc/powerpc-eabi/13.2.0/crtbegin.o
 .rela.text.__gthread_mutex_destroy
                0x80a00294        0x0 /opt/devkitpro/devkitPPC/bin/../lib/gcc/powerpc-eabi/13.2.0/crtbegin.o
 .rela.text.__gthread_mutex_lock
                0x80a00294        0x0 /opt/devkitpro/devkitPPC/bin/../lib/gcc/powerpc-eabi/13.2.0/crtbegin.o
 .rela.text.__gthread_mutex_unlock
                0x80a00294        0x0 /opt/devkitpro/devkitPPC/bin/../lib/gcc/powerpc-eabi/13.2.0/crtbegin.o

.rel.fini
 *(.rel.fini)

.rela.fini
 *(.rela.fini)

.rel.rodata
 *(.rel.rodata .rel.rodata.* .rel.gnu.linkonce.r.*)

.rela.rodata
 *(.rela.rodata .rela.rodata.* .rela.gnu.linkonce.r.*)

.rel.data
 *(.rel.data .rel.data.* .rel.gnu.linkonce.d.*)

.rela.data
 *(.rela.data .rela.data.* .rela.gnu.linkonce.d.*)

.rel.tdata
 *(.rel.tdata .rel.tdata.* .rel.gnu.linkonce.td.*)

.rela.tdata
 *(.rela.tdata .rela.tdata.* .rela.gnu.linkonce.td.*)

.rel.tbss
 *(.rel.tbss .rel.tbss.* .rel.gnu.linkonce.tb.*)

.rela.tbss
 *(.rela.tbss .rela.tbss.* .rela.gnu.linkonce.tb.*)

.rel.ctors
 *(.rel.ctors)

.rela.ctors
 *(.rela.ctors)

.rel.dtors
 *(.rel.dtors)

.rela.dtors
 *(.rela.dtors)

.rel.got
 *(.rel.got)

.rela.got
 *(.rela.got)

.rela.got1
 *(.rela.got1)

.rela.got2
 *(.rela.got2)

.rel.sdata
 *(.rel.sdata .rel.sdata.* .rel.gnu.linkonce.s.*)

.rela.sdata
 *(.rela.sdata .rela.sdata.* .rela.gnu.linkonce.s.*)

.rel.sbss
 *(.rel.sbss .rel.sbss.* .rel.gnu.linkonce.sb.*)

.rela.sbss
 *(.rela.sbss .rela.sbss.* .rel.gnu.linkonce.sb.*)

.rel.sdata2
 *(.rel.sdata2 .rel.sdata2.* .rel.gnu.linkonce.s2.*)

.rela.sdata2
 *(.rela.sdata2 .rela.sdata2.* .rela.gnu.linkonce.s2.*)

.rel.sbss2
 *(.rel.sbss2 .rel.sbss2.* .rel.gnu.linkonce.sb2.*)

.rela.sbss2
 *(.rela.sbss2 .rela.sbss2.* .rela.gnu.linkonce.sb2.*)

.rel.bss
 *(.rel.bss .rel.bss.* .rel.gnu.linkonce.b.*)

.rela.bss
 *(.rela.bss .rela.bss.* .rela.gnu.linkonce.b.*)

.rel.plt
 *(.rel.plt)

.rela.plt
 *(.rela.plt)

.text           0x80a002a0    0x47e00
 *(.text)
 .text          0x80a002a0      0x44c /opt/devkitpro/libogc/lib/wii/libogc.a(lwp_handler.o)
                0x80a002a0                _cpu_context_save_fp
                0x80a003e0                _cpu_context_restore_fp
                0x80a00520                _cpu_context_switch
                0x80a00600                _cpu_context_save
                0x80a00680                _cpu_context_restore
 .text          0x80a006ec      0x4a0 /opt/devkitpro/libogc/lib/wii/libogc.a(system_asm.o)
                0x80a006ec                __realmode
                0x80a00704                __configBATS
                0x80a00834                __InitFPRS
                0x80a00960                __InitPS
                0x80a009bc                __InitCache
                0x80a00a14                __InitSystem
                0x80a00a9c                __flush_cache
                0x80a00ad0                __reset
                0x80a00b40                __InitBATS
                0x80a00b5c                SYS_SwitchFiber
 .text          0x80a00b8c      0x1ac /opt/devkitpro/libogc/lib/wii/libogc.a(irq_handler.o)
                0x80a00b8c                irq_exceptionhandler
 .text          0x80a00d38      0x4f4 /opt/devkitpro/libogc/lib/wii/libogc.a(cache_asm.o)
                0x80a00d38                DCFlashInvalidate
                0x80a00d4c                DCEnable
                0x80a00d60                DCDisable
                0x80a00d74                DCFreeze
                0x80a00d88                DCUnfreeze
                0x80a00d9c                DCTouchLoad
                0x80a00da4                DCBlockZero
                0x80a00dac                DCBlockStore
                0x80a00db4                DCBlockFlush
                0x80a00dbc                DCBlockInvalidate
                0x80a00dc4                DCInvalidateRange
                0x80a00df4                DCFlushRange
                0x80a00e28                DCStoreRange
                0x80a00e5c                DCFlushRangeNoSync
                0x80a00e8c                DCStoreRangeNoSync
                0x80a00ebc                DCZeroRange
                0x80a00eec                DCTouchRange
                0x80a00f1c                ICInvalidateRange
                0x80a00f54                ICFlashInvalidate
                0x80a00f68                ICEnable
                0x80a00f7c                ICDisable
                0x80a00f90                ICFreeze
                0x80a00fa4                ICUnfreeze
                0x80a00fb8                ICBlockInvalidate
                0x80a00fc0                ICSync
                0x80a00fc8                L2Init
                0x80a01010                L2Enable
                0x80a0102c                L2Disable
                0x80a01044                L2GlobalInvalidate
                0x80a0109c                __LCEnable
                0x80a01168                LCDisable
                0x80a01190                LCAllocOneTag
                0x80a011a4                LCAllocTags
                0x80a011e4                LCLoadBlocks
                0x80a01208                LCStoreBlocks
 .text          0x80a0122c      0x1ac /opt/devkitpro/libogc/lib/wii/libogc.a(decrementer_handler.o)
                0x80a0122c                dec_exceptionhandler
 .text          0x80a013d8      0x35c /opt/devkitpro/libogc/lib/wii/libogc.a(exception_handler.o)
                0x80a013d8                exceptionhandler_start
                0x80a01454                exceptionhandler_patch
                0x80a01488                exceptionhandler_end
                0x80a0148c                default_exceptionhandler
                0x80a015bc                fpu_exceptionhandler
                0x80a01704                systemcallhandler_start
                0x80a01730                systemcallhandler_end
 .text          0x80a01734       0x48 /opt/devkitpro/devkitPPC/bin/../lib/gcc/powerpc-eabi/13.2.0/libgcc.a(eabi.o)
                0x80a01734                __eabi
 .text          0x80a0177c       0x58 /opt/devkitpro/devkitPPC/bin/../lib/gcc/powerpc-eabi/13.2.0/libgcc.a(crtresxfpr.o)
                0x80a0177c                _restfpr_14_x
                0x80a01780                _restfpr_15_x
                0x80a01784                _restfpr_16_x
                0x80a01788                _restfpr_17_x
                0x80a0178c                _restfpr_18_x
                0x80a01790                _restfpr_19_x
                0x80a01794                _restfpr_20_x
                0x80a01798                _restfpr_21_x
                0x80a0179c                _restfpr_22_x
                0x80a017a0                _restfpr_23_x
                0x80a017a4                _restfpr_24_x
                0x80a017a8                _restfpr_25_x
                0x80a017ac                _restfpr_26_x
                0x80a017b0                _restfpr_27_x
                0x80a017b4                _restfpr_28_x
                0x80a017b8                _restfpr_29_x
                0x80a017bc                _restfpr_30_x
                0x80a017c0                _restfpr_31_x
 .text          0x80a017d4       0x58 /opt/devkitpro/devkitPPC/bin/../lib/gcc/powerpc-eabi/13.2.0/libgcc.a(crtresxgpr.o)
                0x80a017d4                _restgpr_14_x
                0x80a017d8                _restgpr_15_x
                0x80a017dc                _restgpr_16_x
                0x80a017e0                _restgpr_17_x
                0x80a017e4                _restgpr_18_x
                0x80a017e8                _restgpr_19_x
                0x80a017ec                _restgpr_20_x
                0x80a017f0                _restgpr_21_x
                0x80a017f4                _restgpr_22_x
                0x80a017f8                _restgpr_23_x
                0x80a017fc                _restgpr_24_x
                0x80a01800                _restgpr_25_x
                0x80a01804                _restgpr_26_x
                0x80a01808                _restgpr_27_x
                0x80a0180c                _restgpr_28_x
                0x80a01810                _restgpr_29_x
                0x80a01814                _restgpr_30_x
                0x80a01818                _restgpr_31_x
 *(.text.*)
 .text.__do_global_dtors_aux
                0x80a0182c       0xcc /opt/devkitpro/devkitPPC/bin/../lib/gcc/powerpc-eabi/13.2.0/crtbegin.o
 .text.frame_dummy
                0x80a018f8       0x24 /opt/devkitpro/devkitPPC/bin/../lib/gcc/powerpc-eabi/13.2.0/crtbegin.o
 .text.__crtmain
                0x80a0191c       0x44 /opt/devkitpro/devkitPPC/bin/../lib/gcc/powerpc-eabi/13.2.0/../../../../powerpc-eabi/lib/crtmain.o
                0x80a01920                __crtmain
 .text._ZSt23__is_constant_evaluatedv
                0x80a01960       0x28 obj/Debug/main.o
                0x80a01960                _ZSt23__is_constant_evaluatedv
 .text._ZNSt11char_traitsIcE2ltERKcS2_
                0x80a01988       0x50 obj/Debug/main.o
                0x80a01988                _ZNSt11char_traitsIcE2ltERKcS2_
 .text._ZNSt11char_traitsIcE7compareEPKcS2_j
                0x80a019d8      0x124 obj/Debug/main.o
                0x80a019d8                _ZNSt11char_traitsIcE7compareEPKcS2_j
 .text._ZNSt11char_traitsIcE6lengthEPKc
                0x80a01afc       0x68 obj/Debug/main.o
                0x80a01afc                _ZNSt11char_traitsIcE6lengthEPKc
 .text._ZnwjPv  0x80a01b64       0x2c obj/Debug/main.o
                0x80a01b64                _ZnwjPv
 .text._ZdlPvS_
                0x80a01b90       0x28 obj/Debug/main.o
                0x80a01b90                _ZdlPvS_
 .text._ZNSt10_Hash_impl4hashEPKvjj
                0x80a01bb8       0x50 obj/Debug/main.o
                0x80a01bb8                _ZNSt10_Hash_impl4hashEPKvjj
 .text._ZNSt8__detail15_Hash_node_baseC2Ev
                0x80a01c08       0x30 obj/Debug/main.o
                0x80a01c08                _ZNSt8__detail15_Hash_node_baseC1Ev
                0x80a01c08                _ZNSt8__detail15_Hash_node_baseC2Ev
 .text._ZNKSt8__detail18_Mod_range_hashingclEjj
                0x80a01c38       0x44 obj/Debug/main.o
                0x80a01c38                _ZNKSt8__detail18_Mod_range_hashingclEjj
 .text._ZNSt8__detail20_Prime_rehash_policyC2Ef
                0x80a01c7c       0x40 obj/Debug/main.o
                0x80a01c7c                _ZNSt8__detail20_Prime_rehash_policyC2Ef
                0x80a01c7c                _ZNSt8__detail20_Prime_rehash_policyC1Ef
 .text._ZNKSt8__detail20_Prime_rehash_policy8_M_stateEv
                0x80a01cbc       0x2c obj/Debug/main.o
                0x80a01cbc                _ZNKSt8__detail20_Prime_rehash_policy8_M_stateEv
 .text._ZNSt8__detail20_Prime_rehash_policy8_M_resetEj
                0x80a01ce8       0x34 obj/Debug/main.o
                0x80a01ce8                _ZNSt8__detail20_Prime_rehash_policy8_M_resetEj
 .text._Z7InitWiiv
                0x80a01d1c      0x10c obj/Debug/main.o
                0x80a01d1c                _Z7InitWiiv
 .text._ZNSt8__detail15_Hash_code_baseINSt7__cxx1112basic_stringIcSt11char_traitsIcESaIcEEESt4pairIKS6_bENS_10_Select1stESt4hashIS6_ENS_18_Mod_range_hashingENS_20_Default_ranged_hashELb1EEC2Ev
                0x80a01e28       0x3c obj/Debug/main.o
                0x80a01e28                _ZNSt8__detail15_Hash_code_baseINSt7__cxx1112basic_stringIcSt11char_traitsIcESaIcEEESt4pairIKS6_bENS_10_Select1stESt4hashIS6_ENS_18_Mod_range_hashingENS_20_Default_ranged_hashELb1EEC2Ev
                0x80a01e28                _ZNSt8__detail15_Hash_code_baseINSt7__cxx1112basic_stringIcSt11char_traitsIcESaIcEEESt4pairIKS6_bENS_10_Select1stESt4hashIS6_ENS_18_Mod_range_hashingENS_20_Default_ranged_hashELb1EEC1Ev
 .text._ZNSt8__detail15_Hashtable_baseINSt7__cxx1112basic_stringIcSt11char_traitsIcESaIcEEESt4pairIKS6_bENS_10_Select1stESt8equal_toIS6_ESt4hashIS6_ENS_18_Mod_range_hashingENS_20_Default_ranged_hashENS_17_Hashtable_traitsILb1ELb0ELb1EEEEC2Ev
                0x80a01e64       0x44 obj/Debug/main.o
                0x80a01e64                _ZNSt8__detail15_Hashtable_baseINSt7__cxx1112basic_stringIcSt11char_traitsIcESaIcEEESt4pairIKS6_bENS_10_Select1stESt8equal_toIS6_ESt4hashIS6_ENS_18_Mod_range_hashingENS_20_Default_ranged_hashENS_17_Hashtable_traitsILb1ELb0ELb1EEEEC2Ev
                0x80a01e64                _ZNSt8__detail15_Hashtable_baseINSt7__cxx1112basic_stringIcSt11char_traitsIcESaIcEEESt4pairIKS6_bENS_10_Select1stESt8equal_toIS6_ESt4hashIS6_ENS_18_Mod_range_hashingENS_20_Default_ranged_hashENS_17_Hashtable_traitsILb1ELb0ELb1EEEEC1Ev
 .text._ZNSt8__detail21_Hashtable_ebo_helperILi0ESaINS_10_Hash_nodeISt4pairIKNSt7__cxx1112basic_stringIcSt11char_traitsIcESaIcEEEbELb1EEEELb1EED2Ev
                0x80a01ea8       0x48 obj/Debug/main.o
                0x80a01ea8                _ZNSt8__detail21_Hashtable_ebo_helperILi0ESaINS_10_Hash_nodeISt4pairIKNSt7__cxx1112basic_stringIcSt11char_traitsIcESaIcEEEbELb1EEEELb1EED2Ev
                0x80a01ea8                _ZNSt8__detail21_Hashtable_ebo_helperILi0ESaINS_10_Hash_nodeISt4pairIKNSt7__cxx1112basic_stringIcSt11char_traitsIcESaIcEEEbELb1EEEELb1EED1Ev
 .text._ZNSt8__detail16_Hashtable_allocISaINS_10_Hash_nodeISt4pairIKNSt7__cxx1112basic_stringIcSt11char_traitsIcESaIcEEEbELb1EEEEEC2Ev
                0x80a01ef0       0x3c obj/Debug/main.o
                0x80a01ef0                _ZNSt8__detail16_Hashtable_allocISaINS_10_Hash_nodeISt4pairIKNSt7__cxx1112basic_stringIcSt11char_traitsIcESaIcEEEbELb1EEEEEC1Ev
                0x80a01ef0                _ZNSt8__detail16_Hashtable_allocISaINS_10_Hash_nodeISt4pairIKNSt7__cxx1112basic_stringIcSt11char_traitsIcESaIcEEEbELb1EEEEEC2Ev
 .text._ZNSt8__detail16_Hashtable_allocISaINS_10_Hash_nodeISt4pairIKNSt7__cxx1112basic_stringIcSt11char_traitsIcESaIcEEEbELb1EEEEED2Ev
                0x80a01f2c       0x3c obj/Debug/main.o
                0x80a01f2c                _ZNSt8__detail16_Hashtable_allocISaINS_10_Hash_nodeISt4pairIKNSt7__cxx1112basic_stringIcSt11char_traitsIcESaIcEEEbELb1EEEEED2Ev
                0x80a01f2c                _ZNSt8__detail16_Hashtable_allocISaINS_10_Hash_nodeISt4pairIKNSt7__cxx1112basic_stringIcSt11char_traitsIcESaIcEEEbELb1EEEEED1Ev
 .text._ZNSt10_HashtableINSt7__cxx1112basic_stringIcSt11char_traitsIcESaIcEEESt4pairIKS5_bESaIS8_ENSt8__detail10_Select1stESt8equal_toIS5_ESt4hashIS5_ENSA_18_Mod_range_hashingENSA_20_Default_ranged_hashENSA_20_Prime_rehash_policyENSA_17_Hashtable_traitsILb1ELb0ELb1EEEEC2Ev
                0x80a01f68       0xa4 obj/Debug/main.o
                0x80a01f68                _ZNSt10_HashtableINSt7__cxx1112basic_stringIcSt11char_traitsIcESaIcEEESt4pairIKS5_bESaIS8_ENSt8__detail10_Select1stESt8equal_toIS5_ESt4hashIS5_ENSA_18_Mod_range_hashingENSA_20_Default_ranged_hashENSA_20_Prime_rehash_policyENSA_17_Hashtable_traitsILb1ELb0ELb1EEEEC2Ev
                0x80a01f68                _ZNSt10_HashtableINSt7__cxx1112basic_stringIcSt11char_traitsIcESaIcEEESt4pairIKS5_bESaIS8_ENSt8__detail10_Select1stESt8equal_toIS5_ESt4hashIS5_ENSA_18_Mod_range_hashingENSA_20_Default_ranged_hashENSA_20_Prime_rehash_policyENSA_17_Hashtable_traitsILb1ELb0ELb1EEEEC1Ev
 .text._ZNSt13unordered_mapINSt7__cxx1112basic_stringIcSt11char_traitsIcESaIcEEEbSt4hashIS5_ESt8equal_toIS5_ESaISt4pairIKS5_bEEEC2Ev
                0x80a0200c       0x40 obj/Debug/main.o
                0x80a0200c                _ZNSt13unordered_mapINSt7__cxx1112basic_stringIcSt11char_traitsIcESaIcEEEbSt4hashIS5_ESt8equal_toIS5_ESaISt4pairIKS5_bEEEC1Ev
                0x80a0200c                _ZNSt13unordered_mapINSt7__cxx1112basic_stringIcSt11char_traitsIcESaIcEEEbSt4hashIS5_ESt8equal_toIS5_ESaISt4pairIKS5_bEEEC2Ev
 .text._ZNSt13unordered_mapINSt7__cxx1112basic_stringIcSt11char_traitsIcESaIcEEEbSt4hashIS5_ESt8equal_toIS5_ESaISt4pairIKS5_bEEED2Ev
                0x80a0204c       0x40 obj/Debug/main.o
                0x80a0204c                _ZNSt13unordered_mapINSt7__cxx1112basic_stringIcSt11char_traitsIcESaIcEEEbSt4hashIS5_ESt8equal_toIS5_ESaISt4pairIKS5_bEEED1Ev
                0x80a0204c                _ZNSt13unordered_mapINSt7__cxx1112basic_stringIcSt11char_traitsIcESaIcEEEbSt4hashIS5_ESt8equal_toIS5_ESaISt4pairIKS5_bEEED2Ev
 .text._Z15getButtonStatesB5cxx11i
                0x80a0208c      0x880 obj/Debug/main.o
                0x80a0208c                _Z15getButtonStatesB5cxx11i
 .text.main     0x80a0290c      0x41c obj/Debug/main.o
                0x80a0290c                main
 .text._ZN9__gnu_cxx11char_traitsIcE6lengthEPKc
                0x80a02d28       0x88 obj/Debug/main.o
                0x80a02d28                _ZN9__gnu_cxx11char_traitsIcE6lengthEPKc
 .text._ZNSt7__cxx1112basic_stringIcSt11char_traitsIcESaIcEE12_Alloc_hiderD2Ev
                0x80a02db0       0x48 obj/Debug/main.o
                0x80a02db0                _ZNSt7__cxx1112basic_stringIcSt11char_traitsIcESaIcEE12_Alloc_hiderD2Ev
                0x80a02db0                _ZNSt7__cxx1112basic_stringIcSt11char_traitsIcESaIcEE12_Alloc_hiderD1Ev
 .text._ZNSt8__detail21_Hashtable_ebo_helperILi1ESt4hashINSt7__cxx1112basic_stringIcSt11char_traitsIcESaIcEEEELb1EEC2Ev
                0x80a02df8       0x24 obj/Debug/main.o
                0x80a02df8                _ZNSt8__detail21_Hashtable_ebo_helperILi1ESt4hashINSt7__cxx1112basic_stringIcSt11char_traitsIcESaIcEEEELb1EEC2Ev
                0x80a02df8                _ZNSt8__detail21_Hashtable_ebo_helperILi1ESt4hashINSt7__cxx1112basic_stringIcSt11char_traitsIcESaIcEEEELb1EEC1Ev
 .text._ZNSt8__detail21_Hashtable_ebo_helperILi0ESt8equal_toINSt7__cxx1112basic_stringIcSt11char_traitsIcESaIcEEEELb1EEC2Ev
                0x80a02e1c       0x24 obj/Debug/main.o
                0x80a02e1c                _ZNSt8__detail21_Hashtable_ebo_helperILi0ESt8equal_toINSt7__cxx1112basic_stringIcSt11char_traitsIcESaIcEEEELb1EEC2Ev
                0x80a02e1c                _ZNSt8__detail21_Hashtable_ebo_helperILi0ESt8equal_toINSt7__cxx1112basic_stringIcSt11char_traitsIcESaIcEEEELb1EEC1Ev
 .text._ZNSt8__detail21_Hashtable_ebo_helperILi0ESaINS_10_Hash_nodeISt4pairIKNSt7__cxx1112basic_stringIcSt11char_traitsIcESaIcEEEbELb1EEEELb1EEC2Ev
                0x80a02e40       0x3c obj/Debug/main.o
                0x80a02e40                _ZNSt8__detail21_Hashtable_ebo_helperILi0ESaINS_10_Hash_nodeISt4pairIKNSt7__cxx1112basic_stringIcSt11char_traitsIcESaIcEEEbELb1EEEELb1EEC2Ev
                0x80a02e40                _ZNSt8__detail21_Hashtable_ebo_helperILi0ESaINS_10_Hash_nodeISt4pairIKNSt7__cxx1112basic_stringIcSt11char_traitsIcESaIcEEEbELb1EEEELb1EEC1Ev
 .text._ZNSt10_HashtableINSt7__cxx1112basic_stringIcSt11char_traitsIcESaIcEEESt4pairIKS5_bESaIS8_ENSt8__detail10_Select1stESt8equal_toIS5_ESt4hashIS5_ENSA_18_Mod_range_hashingENSA_20_Default_ranged_hashENSA_20_Prime_rehash_policyENSA_17_Hashtable_traitsILb1ELb0ELb1EEEED2Ev
                0x80a02e7c       0x4c obj/Debug/main.o
                0x80a02e7c                _ZNSt10_HashtableINSt7__cxx1112basic_stringIcSt11char_traitsIcESaIcEEESt4pairIKS5_bESaIS8_ENSt8__detail10_Select1stESt8equal_toIS5_ESt4hashIS5_ENSA_18_Mod_range_hashingENSA_20_Default_ranged_hashENSA_20_Prime_rehash_policyENSA_17_Hashtable_traitsILb1ELb0ELb1EEEED1Ev
                0x80a02e7c                _ZNSt10_HashtableINSt7__cxx1112basic_stringIcSt11char_traitsIcESaIcEEESt4pairIKS5_bESaIS8_ENSt8__detail10_Select1stESt8equal_toIS5_ESt4hashIS5_ENSA_18_Mod_range_hashingENSA_20_Default_ranged_hashENSA_20_Prime_rehash_policyENSA_17_Hashtable_traitsILb1ELb0ELb1EEEED2Ev
 .text._ZNSt7__cxx1112basic_stringIcSt11char_traitsIcESaIcEEC2IS3_EEPKcRKS3_
                0x80a02ec8       0xd4 obj/Debug/main.o
                0x80a02ec8                _ZNSt7__cxx1112basic_stringIcSt11char_traitsIcESaIcEEC1IS3_EEPKcRKS3_
                0x80a02ec8                _ZNSt7__cxx1112basic_stringIcSt11char_traitsIcESaIcEEC2IS3_EEPKcRKS3_
 .text._ZNSt13unordered_mapINSt7__cxx1112basic_stringIcSt11char_traitsIcESaIcEEEbSt4hashIS5_ESt8equal_toIS5_ESaISt4pairIKS5_bEEEixEOS5_
                0x80a02f9c       0x60 obj/Debug/main.o
                0x80a02f9c                _ZNSt13unordered_mapINSt7__cxx1112basic_stringIcSt11char_traitsIcESaIcEEEbSt4hashIS5_ESt8equal_toIS5_ESaISt4pairIKS5_bEEEixEOS5_
 .text._ZNSt13unordered_mapINSt7__cxx1112basic_stringIcSt11char_traitsIcESaIcEEEbSt4hashIS5_ESt8equal_toIS5_ESaISt4pairIKS5_bEEE5beginEv
                0x80a02ffc       0x44 obj/Debug/main.o
                0x80a02ffc                _ZNSt13unordered_mapINSt7__cxx1112basic_stringIcSt11char_traitsIcESaIcEEEbSt4hashIS5_ESt8equal_toIS5_ESaISt4pairIKS5_bEEE5beginEv
 .text._ZNSt13unordered_mapINSt7__cxx1112basic_stringIcSt11char_traitsIcESaIcEEEbSt4hashIS5_ESt8equal_toIS5_ESaISt4pairIKS5_bEEE3endEv
                0x80a03040       0x44 obj/Debug/main.o
                0x80a03040                _ZNSt13unordered_mapINSt7__cxx1112basic_stringIcSt11char_traitsIcESaIcEEEbSt4hashIS5_ESt8equal_toIS5_ESaISt4pairIKS5_bEEE3endEv
 .text._ZNSt8__detailneERKNS_19_Node_iterator_baseISt4pairIKNSt7__cxx1112basic_stringIcSt11char_traitsIcESaIcEEEbELb1EEESC_
                0x80a03084       0x48 obj/Debug/main.o
                0x80a03084                _ZNSt8__detailneERKNS_19_Node_iterator_baseISt4pairIKNSt7__cxx1112basic_stringIcSt11char_traitsIcESaIcEEEbELb1EEESC_
 .text._ZNSt8__detail14_Node_iteratorISt4pairIKNSt7__cxx1112basic_stringIcSt11char_traitsIcESaIcEEEbELb0ELb1EEppEv
                0x80a030cc       0x44 obj/Debug/main.o
                0x80a030cc                _ZNSt8__detail14_Node_iteratorISt4pairIKNSt7__cxx1112basic_stringIcSt11char_traitsIcESaIcEEEbELb0ELb1EEppEv
 .text._ZNKSt8__detail14_Node_iteratorISt4pairIKNSt7__cxx1112basic_stringIcSt11char_traitsIcESaIcEEEbELb0ELb1EEptEv
                0x80a03110       0x4c obj/Debug/main.o
                0x80a03110                _ZNKSt8__detail14_Node_iteratorISt4pairIKNSt7__cxx1112basic_stringIcSt11char_traitsIcESaIcEEEbELb0ELb1EEptEv
 .text._ZN9__gnu_cxx11char_traitsIcE2eqERKcS3_
                0x80a0315c       0x50 obj/Debug/main.o
                0x80a0315c                _ZN9__gnu_cxx11char_traitsIcE2eqERKcS3_
 .text._ZNSt15__new_allocatorIcED2Ev
                0x80a031ac       0x24 obj/Debug/main.o
                0x80a031ac                _ZNSt15__new_allocatorIcED1Ev
                0x80a031ac                _ZNSt15__new_allocatorIcED2Ev
 .text._ZZNSt7__cxx1112basic_stringIcSt11char_traitsIcESaIcEE12_M_constructIPKcEEvT_S8_St20forward_iterator_tagEN6_GuardC2EPS4_
                0x80a031d0       0x34 obj/Debug/main.o
                0x80a031d0                _ZZNSt7__cxx1112basic_stringIcSt11char_traitsIcESaIcEE12_M_constructIPKcEEvT_S8_St20forward_iterator_tagEN6_GuardC1EPS4_
                0x80a031d0                _ZZNSt7__cxx1112basic_stringIcSt11char_traitsIcESaIcEE12_M_constructIPKcEEvT_S8_St20forward_iterator_tagEN6_GuardC2EPS4_
 .text._ZZNSt7__cxx1112basic_stringIcSt11char_traitsIcESaIcEE12_M_constructIPKcEEvT_S8_St20forward_iterator_tagEN6_GuardD2Ev
                0x80a03204       0x54 obj/Debug/main.o
                0x80a03204                _ZZNSt7__cxx1112basic_stringIcSt11char_traitsIcESaIcEE12_M_constructIPKcEEvT_S8_St20forward_iterator_tagEN6_GuardD1Ev
                0x80a03204                _ZZNSt7__cxx1112basic_stringIcSt11char_traitsIcESaIcEE12_M_constructIPKcEEvT_S8_St20forward_iterator_tagEN6_GuardD2Ev
 .text._ZNSt7__cxx1112basic_stringIcSt11char_traitsIcESaIcEE12_M_constructIPKcEEvT_S8_St20forward_iterator_tag
                0x80a03258      0x12c obj/Debug/main.o
                0x80a03258                _ZNSt7__cxx1112basic_stringIcSt11char_traitsIcESaIcEE12_M_constructIPKcEEvT_S8_St20forward_iterator_tag
 .text._ZSt4moveIRNSt7__cxx1112basic_stringIcSt11char_traitsIcESaIcEEEEONSt16remove_referenceIT_E4typeEOS8_
                0x80a03384       0x28 obj/Debug/main.o
                0x80a03384                _ZSt4moveIRNSt7__cxx1112basic_stringIcSt11char_traitsIcESaIcEEEEONSt16remove_referenceIT_E4typeEOS8_
 .text._ZNSt15__new_allocatorINSt8__detail10_Hash_nodeISt4pairIKNSt7__cxx1112basic_stringIcSt11char_traitsIcESaIcEEEbELb1EEEED2Ev
                0x80a033ac       0x24 obj/Debug/main.o
                0x80a033ac                _ZNSt15__new_allocatorINSt8__detail10_Hash_nodeISt4pairIKNSt7__cxx1112basic_stringIcSt11char_traitsIcESaIcEEEbELb1EEEED1Ev
                0x80a033ac                _ZNSt15__new_allocatorINSt8__detail10_Hash_nodeISt4pairIKNSt7__cxx1112basic_stringIcSt11char_traitsIcESaIcEEEbELb1EEEED2Ev
 .text._ZNSt10_HashtableINSt7__cxx1112basic_stringIcSt11char_traitsIcESaIcEEESt4pairIKS5_bESaIS8_ENSt8__detail10_Select1stESt8equal_toIS5_ESt4hashIS5_ENSA_18_Mod_range_hashingENSA_20_Default_ranged_hashENSA_20_Prime_rehash_policyENSA_17_Hashtable_traitsILb1ELb0ELb1EEEE5clearEv
                0x80a033d0       0x88 obj/Debug/main.o
                0x80a033d0                _ZNSt10_HashtableINSt7__cxx1112basic_stringIcSt11char_traitsIcESaIcEEESt4pairIKS5_bESaIS8_ENSt8__detail10_Select1stESt8equal_toIS5_ESt4hashIS5_ENSA_18_Mod_range_hashingENSA_20_Default_ranged_hashENSA_20_Prime_rehash_policyENSA_17_Hashtable_traitsILb1ELb0ELb1EEEE5clearEv
 .text._ZNSt10_HashtableINSt7__cxx1112basic_stringIcSt11char_traitsIcESaIcEEESt4pairIKS5_bESaIS8_ENSt8__detail10_Select1stESt8equal_toIS5_ESt4hashIS5_ENSA_18_Mod_range_hashingENSA_20_Default_ranged_hashENSA_20_Prime_rehash_policyENSA_17_Hashtable_traitsILb1ELb0ELb1EEEE21_M_deallocate_bucketsEv
                0x80a03458       0x54 obj/Debug/main.o
                0x80a03458                _ZNSt10_HashtableINSt7__cxx1112basic_stringIcSt11char_traitsIcESaIcEEESt4pairIKS5_bESaIS8_ENSt8__detail10_Select1stESt8equal_toIS5_ESt4hashIS5_ENSA_18_Mod_range_hashingENSA_20_Default_ranged_hashENSA_20_Prime_rehash_policyENSA_17_Hashtable_traitsILb1ELb0ELb1EEEE21_M_deallocate_bucketsEv
 .text._ZNSt8__detail9_Map_baseINSt7__cxx1112basic_stringIcSt11char_traitsIcESaIcEEESt4pairIKS6_bESaIS9_ENS_10_Select1stESt8equal_toIS6_ESt4hashIS6_ENS_18_Mod_range_hashingENS_20_Default_ranged_hashENS_20_Prime_rehash_policyENS_17_Hashtable_traitsILb1ELb0ELb1EEELb1EEixEOS6_
                0x80a034ac      0x16c obj/Debug/main.o
                0x80a034ac                _ZNSt8__detail9_Map_baseINSt7__cxx1112basic_stringIcSt11char_traitsIcESaIcEEESt4pairIKS6_bESaIS9_ENS_10_Select1stESt8equal_toIS6_ESt4hashIS6_ENS_18_Mod_range_hashingENS_20_Default_ranged_hashENS_20_Prime_rehash_policyENS_17_Hashtable_traitsILb1ELb0ELb1EEELb1EEixEOS6_
 .text._ZNSt8__detail16_Hashtable_allocISaINS_10_Hash_nodeISt4pairIKNSt7__cxx1112basic_stringIcSt11char_traitsIcESaIcEEEbELb1EEEEE17_M_node_allocatorEv
                0x80a03618       0x40 obj/Debug/main.o
                0x80a03618                _ZNSt8__detail16_Hashtable_allocISaINS_10_Hash_nodeISt4pairIKNSt7__cxx1112basic_stringIcSt11char_traitsIcESaIcEEEbELb1EEEEE17_M_node_allocatorEv
 .text._ZNSt10_HashtableINSt7__cxx1112basic_stringIcSt11char_traitsIcESaIcEEESt4pairIKS5_bESaIS8_ENSt8__detail10_Select1stESt8equal_toIS5_ESt4hashIS5_ENSA_18_Mod_range_hashingENSA_20_Default_ranged_hashENSA_20_Prime_rehash_policyENSA_17_Hashtable_traitsILb1ELb0ELb1EEEE5beginEv
                0x80a03658       0x54 obj/Debug/main.o
                0x80a03658                _ZNSt10_HashtableINSt7__cxx1112basic_stringIcSt11char_traitsIcESaIcEEESt4pairIKS5_bESaIS8_ENSt8__detail10_Select1stESt8equal_toIS5_ESt4hashIS5_ENSA_18_Mod_range_hashingENSA_20_Default_ranged_hashENSA_20_Prime_rehash_policyENSA_17_Hashtable_traitsILb1ELb0ELb1EEEE5beginEv
 .text._ZNSt10_HashtableINSt7__cxx1112basic_stringIcSt11char_traitsIcESaIcEEESt4pairIKS5_bESaIS8_ENSt8__detail10_Select1stESt8equal_toIS5_ESt4hashIS5_ENSA_18_Mod_range_hashingENSA_20_Default_ranged_hashENSA_20_Prime_rehash_policyENSA_17_Hashtable_traitsILb1ELb0ELb1EEEE3endEv
                0x80a036ac       0x48 obj/Debug/main.o
                0x80a036ac                _ZNSt10_HashtableINSt7__cxx1112basic_stringIcSt11char_traitsIcESaIcEEESt4pairIKS5_bESaIS8_ENSt8__detail10_Select1stESt8equal_toIS5_ESt4hashIS5_ENSA_18_Mod_range_hashingENSA_20_Default_ranged_hashENSA_20_Prime_rehash_policyENSA_17_Hashtable_traitsILb1ELb0ELb1EEEE3endEv
 .text._ZNSt8__detail19_Node_iterator_baseISt4pairIKNSt7__cxx1112basic_stringIcSt11char_traitsIcESaIcEEEbELb1EE7_M_incrEv
                0x80a036f4       0x50 obj/Debug/main.o
                0x80a036f4                _ZNSt8__detail19_Node_iterator_baseISt4pairIKNSt7__cxx1112basic_stringIcSt11char_traitsIcESaIcEEEbELb1EE7_M_incrEv
 .text._ZNSt8__detail21_Hash_node_value_baseISt4pairIKNSt7__cxx1112basic_stringIcSt11char_traitsIcESaIcEEEbEE9_M_valptrEv
                0x80a03744       0x44 obj/Debug/main.o
                0x80a03744                _ZNSt8__detail21_Hash_node_value_baseISt4pairIKNSt7__cxx1112basic_stringIcSt11char_traitsIcESaIcEEEbEE9_M_valptrEv
 .text._ZNKSt10_HashtableINSt7__cxx1112basic_stringIcSt11char_traitsIcESaIcEEESt4pairIKS5_bESaIS8_ENSt8__detail10_Select1stESt8equal_toIS5_ESt4hashIS5_ENSA_18_Mod_range_hashingENSA_20_Default_ranged_hashENSA_20_Prime_rehash_policyENSA_17_Hashtable_traitsILb1ELb0ELb1EEEE8_M_beginEv
                0x80a03788       0x2c obj/Debug/main.o
                0x80a03788                _ZNKSt10_HashtableINSt7__cxx1112basic_stringIcSt11char_traitsIcESaIcEEESt4pairIKS5_bESaIS8_ENSt8__detail10_Select1stESt8equal_toIS5_ESt4hashIS5_ENSA_18_Mod_range_hashingENSA_20_Default_ranged_hashENSA_20_Prime_rehash_policyENSA_17_Hashtable_traitsILb1ELb0ELb1EEEE8_M_beginEv
 .text._ZNSt8__detail16_Hashtable_allocISaINS_10_Hash_nodeISt4pairIKNSt7__cxx1112basic_stringIcSt11char_traitsIcESaIcEEEbELb1EEEEE19_M_deallocate_nodesEPSB_
                0x80a037b4       0x6c obj/Debug/main.o
                0x80a037b4                _ZNSt8__detail16_Hashtable_allocISaINS_10_Hash_nodeISt4pairIKNSt7__cxx1112basic_stringIcSt11char_traitsIcESaIcEEEbELb1EEEEE19_M_deallocate_nodesEPSB_
 .text._ZNSt10_HashtableINSt7__cxx1112basic_stringIcSt11char_traitsIcESaIcEEESt4pairIKS5_bESaIS8_ENSt8__detail10_Select1stESt8equal_toIS5_ESt4hashIS5_ENSA_18_Mod_range_hashingENSA_20_Default_ranged_hashENSA_20_Prime_rehash_policyENSA_17_Hashtable_traitsILb1ELb0ELb1EEEE21_M_deallocate_bucketsEPPNSA_15_Hash_node_baseEj
                0x80a03820       0x6c obj/Debug/main.o
                0x80a03820                _ZNSt10_HashtableINSt7__cxx1112basic_stringIcSt11char_traitsIcESaIcEEESt4pairIKS5_bESaIS8_ENSt8__detail10_Select1stESt8equal_toIS5_ESt4hashIS5_ENSA_18_Mod_range_hashingENSA_20_Default_ranged_hashENSA_20_Prime_rehash_policyENSA_17_Hashtable_traitsILb1ELb0ELb1EEEE21_M_deallocate_bucketsEPPNSA_15_Hash_node_baseEj
 .text._ZNKSt8__detail15_Hash_code_baseINSt7__cxx1112basic_stringIcSt11char_traitsIcESaIcEEESt4pairIKS6_bENS_10_Select1stESt4hashIS6_ENS_18_Mod_range_hashingENS_20_Default_ranged_hashELb1EE12_M_hash_codeERS8_
                0x80a0388c       0x54 obj/Debug/main.o
                0x80a0388c                _ZNKSt8__detail15_Hash_code_baseINSt7__cxx1112basic_stringIcSt11char_traitsIcESaIcEEESt4pairIKS6_bENS_10_Select1stESt4hashIS6_ENS_18_Mod_range_hashingENS_20_Default_ranged_hashELb1EE12_M_hash_codeERS8_
 .text._ZNKSt10_HashtableINSt7__cxx1112basic_stringIcSt11char_traitsIcESaIcEEESt4pairIKS5_bESaIS8_ENSt8__detail10_Select1stESt8equal_toIS5_ESt4hashIS5_ENSA_18_Mod_range_hashingENSA_20_Default_ranged_hashENSA_20_Prime_rehash_policyENSA_17_Hashtable_traitsILb1ELb0ELb1EEEE15_M_bucket_indexEj
                0x80a038e0       0x54 obj/Debug/main.o
                0x80a038e0                _ZNKSt10_HashtableINSt7__cxx1112basic_stringIcSt11char_traitsIcESaIcEEESt4pairIKS5_bESaIS8_ENSt8__detail10_Select1stESt8equal_toIS5_ESt4hashIS5_ENSA_18_Mod_range_hashingENSA_20_Default_ranged_hashENSA_20_Prime_rehash_policyENSA_17_Hashtable_traitsILb1ELb0ELb1EEEE15_M_bucket_indexEj
 .text._ZNKSt10_HashtableINSt7__cxx1112basic_stringIcSt11char_traitsIcESaIcEEESt4pairIKS5_bESaIS8_ENSt8__detail10_Select1stESt8equal_toIS5_ESt4hashIS5_ENSA_18_Mod_range_hashingENSA_20_Default_ranged_hashENSA_20_Prime_rehash_policyENSA_17_Hashtable_traitsILb1ELb0ELb1EEEE12_M_find_nodeEjRS7_j
                0x80a03934       0x78 obj/Debug/main.o
                0x80a03934                _ZNKSt10_HashtableINSt7__cxx1112basic_stringIcSt11char_traitsIcESaIcEEESt4pairIKS5_bESaIS8_ENSt8__detail10_Select1stESt8equal_toIS5_ESt4hashIS5_ENSA_18_Mod_range_hashingENSA_20_Default_ranged_hashENSA_20_Prime_rehash_policyENSA_17_Hashtable_traitsILb1ELb0ELb1EEEE12_M_find_nodeEjRS7_j
 .text._ZNSt8__detail21_Hash_node_value_baseISt4pairIKNSt7__cxx1112basic_stringIcSt11char_traitsIcESaIcEEEbEE4_M_vEv
                0x80a039ac       0x40 obj/Debug/main.o
                0x80a039ac                _ZNSt8__detail21_Hash_node_value_baseISt4pairIKNSt7__cxx1112basic_stringIcSt11char_traitsIcESaIcEEEbEE4_M_vEv
 .text._ZSt16forward_as_tupleIJNSt7__cxx1112basic_stringIcSt11char_traitsIcESaIcEEEEESt5tupleIJDpOT_EES9_
                0x80a039ec       0x50 obj/Debug/main.o
                0x80a039ec                _ZSt16forward_as_tupleIJNSt7__cxx1112basic_stringIcSt11char_traitsIcESaIcEEEEESt5tupleIJDpOT_EES9_
 .text._ZNSt10_HashtableINSt7__cxx1112basic_stringIcSt11char_traitsIcESaIcEEESt4pairIKS5_bESaIS8_ENSt8__detail10_Select1stESt8equal_toIS5_ESt4hashIS5_ENSA_18_Mod_range_hashingENSA_20_Default_ranged_hashENSA_20_Prime_rehash_policyENSA_17_Hashtable_traitsILb1ELb0ELb1EEEE12_Scoped_nodeC2IJRKSt21piecewise_construct_tSt5tupleIJOS5_EESR_IJEEEEEPNSA_16_Hashtable_allocISaINSA_10_Hash_nodeIS8_Lb1EEEEEEDpOT_
                0x80a03a3c       0xb0 obj/Debug/main.o
                0x80a03a3c                _ZNSt10_HashtableINSt7__cxx1112basic_stringIcSt11char_traitsIcESaIcEEESt4pairIKS5_bESaIS8_ENSt8__detail10_Select1stESt8equal_toIS5_ESt4hashIS5_ENSA_18_Mod_range_hashingENSA_20_Default_ranged_hashENSA_20_Prime_rehash_policyENSA_17_Hashtable_traitsILb1ELb0ELb1EEEE12_Scoped_nodeC1IJRKSt21piecewise_construct_tSt5tupleIJOS5_EESR_IJEEEEEPNSA_16_Hashtable_allocISaINSA_10_Hash_nodeIS8_Lb1EEEEEEDpOT_
                0x80a03a3c                _ZNSt10_HashtableINSt7__cxx1112basic_stringIcSt11char_traitsIcESaIcEEESt4pairIKS5_bESaIS8_ENSt8__detail10_Select1stESt8equal_toIS5_ESt4hashIS5_ENSA_18_Mod_range_hashingENSA_20_Default_ranged_hashENSA_20_Prime_rehash_policyENSA_17_Hashtable_traitsILb1ELb0ELb1EEEE12_Scoped_nodeC2IJRKSt21piecewise_construct_tSt5tupleIJOS5_EESR_IJEEEEEPNSA_16_Hashtable_allocISaINSA_10_Hash_nodeIS8_Lb1EEEEEEDpOT_
 .text._ZNSt10_HashtableINSt7__cxx1112basic_stringIcSt11char_traitsIcESaIcEEESt4pairIKS5_bESaIS8_ENSt8__detail10_Select1stESt8equal_toIS5_ESt4hashIS5_ENSA_18_Mod_range_hashingENSA_20_Default_ranged_hashENSA_20_Prime_rehash_policyENSA_17_Hashtable_traitsILb1ELb0ELb1EEEE12_Scoped_nodeD2Ev
                0x80a03aec       0x60 obj/Debug/main.o
                0x80a03aec                _ZNSt10_HashtableINSt7__cxx1112basic_stringIcSt11char_traitsIcESaIcEEESt4pairIKS5_bESaIS8_ENSt8__detail10_Select1stESt8equal_toIS5_ESt4hashIS5_ENSA_18_Mod_range_hashingENSA_20_Default_ranged_hashENSA_20_Prime_rehash_policyENSA_17_Hashtable_traitsILb1ELb0ELb1EEEE12_Scoped_nodeD2Ev
                0x80a03aec                _ZNSt10_HashtableINSt7__cxx1112basic_stringIcSt11char_traitsIcESaIcEEESt4pairIKS5_bESaIS8_ENSt8__detail10_Select1stESt8equal_toIS5_ESt4hashIS5_ENSA_18_Mod_range_hashingENSA_20_Default_ranged_hashENSA_20_Prime_rehash_policyENSA_17_Hashtable_traitsILb1ELb0ELb1EEEE12_Scoped_nodeD1Ev
 .text._ZNSt10_HashtableINSt7__cxx1112basic_stringIcSt11char_traitsIcESaIcEEESt4pairIKS5_bESaIS8_ENSt8__detail10_Select1stESt8equal_toIS5_ESt4hashIS5_ENSA_18_Mod_range_hashingENSA_20_Default_ranged_hashENSA_20_Prime_rehash_policyENSA_17_Hashtable_traitsILb1ELb0ELb1EEEE21_M_insert_unique_nodeEjjPNSA_10_Hash_nodeIS8_Lb1EEEj
                0x80a03b4c      0x128 obj/Debug/main.o
                0x80a03b4c                _ZNSt10_HashtableINSt7__cxx1112basic_stringIcSt11char_traitsIcESaIcEEESt4pairIKS5_bESaIS8_ENSt8__detail10_Select1stESt8equal_toIS5_ESt4hashIS5_ENSA_18_Mod_range_hashingENSA_20_Default_ranged_hashENSA_20_Prime_rehash_policyENSA_17_Hashtable_traitsILb1ELb0ELb1EEEE21_M_insert_unique_nodeEjjPNSA_10_Hash_nodeIS8_Lb1EEEj
 .text._ZNSt8__detail21_Hashtable_ebo_helperILi0ESaINS_10_Hash_nodeISt4pairIKNSt7__cxx1112basic_stringIcSt11char_traitsIcESaIcEEEbELb1EEEELb1EE6_M_getEv
                0x80a03c74       0x28 obj/Debug/main.o
                0x80a03c74                _ZNSt8__detail21_Hashtable_ebo_helperILi0ESaINS_10_Hash_nodeISt4pairIKNSt7__cxx1112basic_stringIcSt11char_traitsIcESaIcEEEbELb1EEEELb1EE6_M_getEv
 .text._ZNSt8__detail14_Node_iteratorISt4pairIKNSt7__cxx1112basic_stringIcSt11char_traitsIcESaIcEEEbELb0ELb1EEC2EPNS_10_Hash_nodeIS9_Lb1EEE
                0x80a03c9c       0x48 obj/Debug/main.o
                0x80a03c9c                _ZNSt8__detail14_Node_iteratorISt4pairIKNSt7__cxx1112basic_stringIcSt11char_traitsIcESaIcEEEbELb0ELb1EEC1EPNS_10_Hash_nodeIS9_Lb1EEE
                0x80a03c9c                _ZNSt8__detail14_Node_iteratorISt4pairIKNSt7__cxx1112basic_stringIcSt11char_traitsIcESaIcEEEbELb0ELb1EEC2EPNS_10_Hash_nodeIS9_Lb1EEE
 .text._ZNKSt8__detail10_Hash_nodeISt4pairIKNSt7__cxx1112basic_stringIcSt11char_traitsIcESaIcEEEbELb1EE7_M_nextEv
                0x80a03ce4       0x2c obj/Debug/main.o
                0x80a03ce4                _ZNKSt8__detail10_Hash_nodeISt4pairIKNSt7__cxx1112basic_stringIcSt11char_traitsIcESaIcEEEbELb1EE7_M_nextEv
 .text._ZN9__gnu_cxx16__aligned_bufferISt4pairIKNSt7__cxx1112basic_stringIcSt11char_traitsIcESaIcEEEbEE6_M_ptrEv
                0x80a03d10       0x40 obj/Debug/main.o
                0x80a03d10                _ZN9__gnu_cxx16__aligned_bufferISt4pairIKNSt7__cxx1112basic_stringIcSt11char_traitsIcESaIcEEEbEE6_M_ptrEv
 .text._ZNSt8__detail16_Hashtable_allocISaINS_10_Hash_nodeISt4pairIKNSt7__cxx1112basic_stringIcSt11char_traitsIcESaIcEEEbELb1EEEEE18_M_deallocate_nodeEPSB_
                0x80a03d50       0x94 obj/Debug/main.o
                0x80a03d50                _ZNSt8__detail16_Hashtable_allocISaINS_10_Hash_nodeISt4pairIKNSt7__cxx1112basic_stringIcSt11char_traitsIcESaIcEEEbELb1EEEEE18_M_deallocate_nodeEPSB_
 .text._ZNKSt10_HashtableINSt7__cxx1112basic_stringIcSt11char_traitsIcESaIcEEESt4pairIKS5_bESaIS8_ENSt8__detail10_Select1stESt8equal_toIS5_ESt4hashIS5_ENSA_18_Mod_range_hashingENSA_20_Default_ranged_hashENSA_20_Prime_rehash_policyENSA_17_Hashtable_traitsILb1ELb0ELb1EEEE21_M_uses_single_bucketEPPNSA_15_Hash_node_baseE
                0x80a03de4       0x50 obj/Debug/main.o
                0x80a03de4                _ZNKSt10_HashtableINSt7__cxx1112basic_stringIcSt11char_traitsIcESaIcEEESt4pairIKS5_bESaIS8_ENSt8__detail10_Select1stESt8equal_toIS5_ESt4hashIS5_ENSA_18_Mod_range_hashingENSA_20_Default_ranged_hashENSA_20_Prime_rehash_policyENSA_17_Hashtable_traitsILb1ELb0ELb1EEEE21_M_uses_single_bucketEPPNSA_15_Hash_node_baseE
 .text._ZNSt8__detail16_Hashtable_allocISaINS_10_Hash_nodeISt4pairIKNSt7__cxx1112basic_stringIcSt11char_traitsIcESaIcEEEbELb1EEEEE21_M_deallocate_bucketsEPPNS_15_Hash_node_baseEj
                0x80a03e34       0xa0 obj/Debug/main.o
                0x80a03e34                _ZNSt8__detail16_Hashtable_allocISaINS_10_Hash_nodeISt4pairIKNSt7__cxx1112basic_stringIcSt11char_traitsIcESaIcEEEbELb1EEEEE21_M_deallocate_bucketsEPPNS_15_Hash_node_baseEj
 .text._ZNKSt8__detail15_Hash_code_baseINSt7__cxx1112basic_stringIcSt11char_traitsIcESaIcEEESt4pairIKS6_bENS_10_Select1stESt4hashIS6_ENS_18_Mod_range_hashingENS_20_Default_ranged_hashELb1EE7_M_hashEv
                0x80a03ed4       0x40 obj/Debug/main.o
                0x80a03ed4                _ZNKSt8__detail15_Hash_code_baseINSt7__cxx1112basic_stringIcSt11char_traitsIcESaIcEEESt4pairIKS6_bENS_10_Select1stESt4hashIS6_ENS_18_Mod_range_hashingENS_20_Default_ranged_hashELb1EE7_M_hashEv
 .text._ZNKSt15__str_hash_baseIcSaIcENSt7__cxx1112basic_stringIcSt11char_traitsIcES0_EEEclERKS5_
                0x80a03f14       0x70 obj/Debug/main.o
                0x80a03f14                _ZNKSt15__str_hash_baseIcSaIcENSt7__cxx1112basic_stringIcSt11char_traitsIcES0_EEEclERKS5_
 .text._ZNKSt8__detail15_Hash_code_baseINSt7__cxx1112basic_stringIcSt11char_traitsIcESaIcEEESt4pairIKS6_bENS_10_Select1stESt4hashIS6_ENS_18_Mod_range_hashingENS_20_Default_ranged_hashELb1EE15_M_bucket_indexEjj
                0x80a03f84       0x54 obj/Debug/main.o
                0x80a03f84                _ZNKSt8__detail15_Hash_code_baseINSt7__cxx1112basic_stringIcSt11char_traitsIcESaIcEEESt4pairIKS6_bENS_10_Select1stESt4hashIS6_ENS_18_Mod_range_hashingENS_20_Default_ranged_hashELb1EE15_M_bucket_indexEjj
 .text._ZNKSt10_HashtableINSt7__cxx1112basic_stringIcSt11char_traitsIcESaIcEEESt4pairIKS5_bESaIS8_ENSt8__detail10_Select1stESt8equal_toIS5_ESt4hashIS5_ENSA_18_Mod_range_hashingENSA_20_Default_ranged_hashENSA_20_Prime_rehash_policyENSA_17_Hashtable_traitsILb1ELb0ELb1EEEE19_M_find_before_nodeEjRS7_j
                0x80a03fd8      0x124 obj/Debug/main.o
                0x80a03fd8                _ZNKSt10_HashtableINSt7__cxx1112basic_stringIcSt11char_traitsIcESaIcEEESt4pairIKS5_bESaIS8_ENSt8__detail10_Select1stESt8equal_toIS5_ESt4hashIS5_ENSA_18_Mod_range_hashingENSA_20_Default_ranged_hashENSA_20_Prime_rehash_policyENSA_17_Hashtable_traitsILb1ELb0ELb1EEEE19_M_find_before_nodeEjRS7_j
 .text._ZSt7forwardINSt7__cxx1112basic_stringIcSt11char_traitsIcESaIcEEEEOT_RNSt16remove_referenceIS6_E4typeE
                0x80a040fc       0x28 obj/Debug/main.o
                0x80a040fc                _ZSt7forwardINSt7__cxx1112basic_stringIcSt11char_traitsIcESaIcEEEEOT_RNSt16remove_referenceIS6_E4typeE
 .text._ZNSt5tupleIJONSt7__cxx1112basic_stringIcSt11char_traitsIcESaIcEEEEEC2IJS5_ELb1ELb1EEEDpOT_
                0x80a04124       0x5c obj/Debug/main.o
                0x80a04124                _ZNSt5tupleIJONSt7__cxx1112basic_stringIcSt11char_traitsIcESaIcEEEEEC2IJS5_ELb1ELb1EEEDpOT_
                0x80a04124                _ZNSt5tupleIJONSt7__cxx1112basic_stringIcSt11char_traitsIcESaIcEEEEEC1IJS5_ELb1ELb1EEEDpOT_
 .text._ZSt7forwardIRKSt21piecewise_construct_tEOT_RNSt16remove_referenceIS3_E4typeE
                0x80a04180       0x28 obj/Debug/main.o
                0x80a04180                _ZSt7forwardIRKSt21piecewise_construct_tEOT_RNSt16remove_referenceIS3_E4typeE
 .text._ZSt7forwardISt5tupleIJONSt7__cxx1112basic_stringIcSt11char_traitsIcESaIcEEEEEEOT_RNSt16remove_referenceIS9_E4typeE
                0x80a041a8       0x28 obj/Debug/main.o
                0x80a041a8                _ZSt7forwardISt5tupleIJONSt7__cxx1112basic_stringIcSt11char_traitsIcESaIcEEEEEEOT_RNSt16remove_referenceIS9_E4typeE
 .text._ZSt7forwardISt5tupleIJEEEOT_RNSt16remove_referenceIS2_E4typeE
                0x80a041d0       0x28 obj/Debug/main.o
                0x80a041d0                _ZSt7forwardISt5tupleIJEEEOT_RNSt16remove_referenceIS2_E4typeE
 .text._ZNSt8__detail10_Hash_nodeISt4pairIKNSt7__cxx1112basic_stringIcSt11char_traitsIcESaIcEEEbELb1EEC2Ev
                0x80a041f8       0x40 obj/Debug/main.o
                0x80a041f8                _ZNSt8__detail10_Hash_nodeISt4pairIKNSt7__cxx1112basic_stringIcSt11char_traitsIcESaIcEEEbELb1EEC2Ev
                0x80a041f8                _ZNSt8__detail10_Hash_nodeISt4pairIKNSt7__cxx1112basic_stringIcSt11char_traitsIcESaIcEEEbELb1EEC1Ev
 .text._ZNSt8__detail16_Hashtable_allocISaINS_10_Hash_nodeISt4pairIKNSt7__cxx1112basic_stringIcSt11char_traitsIcESaIcEEEbELb1EEEEE16_M_allocate_nodeIJRKSt21piecewise_construct_tSt5tupleIJOS8_EESI_IJEEEEEPSB_DpOT_
                0x80a04238      0x254 obj/Debug/main.o
                0x80a04238                _ZNSt8__detail16_Hashtable_allocISaINS_10_Hash_nodeISt4pairIKNSt7__cxx1112basic_stringIcSt11char_traitsIcESaIcEEEbELb1EEEEE16_M_allocate_nodeIJRKSt21piecewise_construct_tSt5tupleIJOS8_EESI_IJEEEEEPSB_DpOT_
 .text._ZNSt10_HashtableINSt7__cxx1112basic_stringIcSt11char_traitsIcESaIcEEESt4pairIKS5_bESaIS8_ENSt8__detail10_Select1stESt8equal_toIS5_ESt4hashIS5_ENSA_18_Mod_range_hashingENSA_20_Default_ranged_hashENSA_20_Prime_rehash_policyENSA_17_Hashtable_traitsILb1ELb0ELb1EEEE9_M_rehashEjRKj
                0x80a0448c       0x9c obj/Debug/main.o
                0x80a0448c                _ZNSt10_HashtableINSt7__cxx1112basic_stringIcSt11char_traitsIcESaIcEEESt4pairIKS5_bESaIS8_ENSt8__detail10_Select1stESt8equal_toIS5_ESt4hashIS5_ENSA_18_Mod_range_hashingENSA_20_Default_ranged_hashENSA_20_Prime_rehash_policyENSA_17_Hashtable_traitsILb1ELb0ELb1EEEE9_M_rehashEjRKj
 .text._ZNKSt8__detail15_Hash_code_baseINSt7__cxx1112basic_stringIcSt11char_traitsIcESaIcEEESt4pairIKS6_bENS_10_Select1stESt4hashIS6_ENS_18_Mod_range_hashingENS_20_Default_ranged_hashELb1EE13_M_store_codeERNS_21_Hash_node_code_cacheILb1EEEj
                0x80a04528       0x38 obj/Debug/main.o
                0x80a04528                _ZNKSt8__detail15_Hash_code_baseINSt7__cxx1112basic_stringIcSt11char_traitsIcESaIcEEESt4pairIKS6_bENS_10_Select1stESt4hashIS6_ENS_18_Mod_range_hashingENS_20_Default_ranged_hashELb1EE13_M_store_codeERNS_21_Hash_node_code_cacheILb1EEEj
 .text._ZNSt10_HashtableINSt7__cxx1112basic_stringIcSt11char_traitsIcESaIcEEESt4pairIKS5_bESaIS8_ENSt8__detail10_Select1stESt8equal_toIS5_ESt4hashIS5_ENSA_18_Mod_range_hashingENSA_20_Default_ranged_hashENSA_20_Prime_rehash_policyENSA_17_Hashtable_traitsILb1ELb0ELb1EEEE22_M_insert_bucket_beginEjPNSA_10_Hash_nodeIS8_Lb1EEE
                0x80a04560      0x138 obj/Debug/main.o
                0x80a04560                _ZNSt10_HashtableINSt7__cxx1112basic_stringIcSt11char_traitsIcESaIcEEESt4pairIKS5_bESaIS8_ENSt8__detail10_Select1stESt8equal_toIS5_ESt4hashIS5_ENSA_18_Mod_range_hashingENSA_20_Default_ranged_hashENSA_20_Prime_rehash_policyENSA_17_Hashtable_traitsILb1ELb0ELb1EEEE22_M_insert_bucket_beginEjPNSA_10_Hash_nodeIS8_Lb1EEE
 .text._ZNKSt10_HashtableINSt7__cxx1112basic_stringIcSt11char_traitsIcESaIcEEESt4pairIKS5_bESaIS8_ENSt8__detail10_Select1stESt8equal_toIS5_ESt4hashIS5_ENSA_18_Mod_range_hashingENSA_20_Default_ranged_hashENSA_20_Prime_rehash_policyENSA_17_Hashtable_traitsILb1ELb0ELb1EEEE15_M_bucket_indexERKNSA_16_Hash_node_valueIS8_Lb1EEE
                0x80a04698       0x54 obj/Debug/main.o
                0x80a04698                _ZNKSt10_HashtableINSt7__cxx1112basic_stringIcSt11char_traitsIcESaIcEEESt4pairIKS5_bESaIS8_ENSt8__detail10_Select1stESt8equal_toIS5_ESt4hashIS5_ENSA_18_Mod_range_hashingENSA_20_Default_ranged_hashENSA_20_Prime_rehash_policyENSA_17_Hashtable_traitsILb1ELb0ELb1EEEE15_M_bucket_indexERKNSA_16_Hash_node_valueIS8_Lb1EEE
 .text._ZNSt8__detail19_Node_iterator_baseISt4pairIKNSt7__cxx1112basic_stringIcSt11char_traitsIcESaIcEEEbELb1EEC2EPNS_10_Hash_nodeIS9_Lb1EEE
                0x80a046ec       0x34 obj/Debug/main.o
                0x80a046ec                _ZNSt8__detail19_Node_iterator_baseISt4pairIKNSt7__cxx1112basic_stringIcSt11char_traitsIcESaIcEEEbELb1EEC1EPNS_10_Hash_nodeIS9_Lb1EEE
                0x80a046ec                _ZNSt8__detail19_Node_iterator_baseISt4pairIKNSt7__cxx1112basic_stringIcSt11char_traitsIcESaIcEEEbELb1EEC2EPNS_10_Hash_nodeIS9_Lb1EEE
 .text._ZN9__gnu_cxx16__aligned_bufferISt4pairIKNSt7__cxx1112basic_stringIcSt11char_traitsIcESaIcEEEbEE7_M_addrEv
                0x80a04720       0x28 obj/Debug/main.o
                0x80a04720                _ZN9__gnu_cxx16__aligned_bufferISt4pairIKNSt7__cxx1112basic_stringIcSt11char_traitsIcESaIcEEEbEE7_M_addrEv
 .text._ZNSt8__detail16_Hashtable_allocISaINS_10_Hash_nodeISt4pairIKNSt7__cxx1112basic_stringIcSt11char_traitsIcESaIcEEEbELb1EEEEE22_M_deallocate_node_ptrEPSB_
                0x80a04748       0x78 obj/Debug/main.o
                0x80a04748                _ZNSt8__detail16_Hashtable_allocISaINS_10_Hash_nodeISt4pairIKNSt7__cxx1112basic_stringIcSt11char_traitsIcESaIcEEEbELb1EEEEE22_M_deallocate_node_ptrEPSB_
 .text._ZNSt19__ptr_traits_ptr_toIPPNSt8__detail15_Hash_node_baseES2_Lb0EE10pointer_toERS2_
                0x80a047c0       0x40 obj/Debug/main.o
                0x80a047c0                _ZNSt19__ptr_traits_ptr_toIPPNSt8__detail15_Hash_node_baseES2_Lb0EE10pointer_toERS2_
 .text._ZNKSt8__detail21_Hashtable_ebo_helperILi1ESt4hashINSt7__cxx1112basic_stringIcSt11char_traitsIcESaIcEEEELb1EE7_M_cgetEv
                0x80a04800       0x28 obj/Debug/main.o
                0x80a04800                _ZNKSt8__detail21_Hashtable_ebo_helperILi1ESt4hashINSt7__cxx1112basic_stringIcSt11char_traitsIcESaIcEEEELb1EE7_M_cgetEv
 .text._ZNKSt8__detail15_Hashtable_baseINSt7__cxx1112basic_stringIcSt11char_traitsIcESaIcEEESt4pairIKS6_bENS_10_Select1stESt8equal_toIS6_ESt4hashIS6_ENS_18_Mod_range_hashingENS_20_Default_ranged_hashENS_17_Hashtable_traitsILb1ELb0ELb1EEEE9_M_equalsERS8_jRKNS_16_Hash_node_valueIS9_Lb1EEE
                0x80a04828       0x94 obj/Debug/main.o
                0x80a04828                _ZNKSt8__detail15_Hashtable_baseINSt7__cxx1112basic_stringIcSt11char_traitsIcESaIcEEESt4pairIKS6_bENS_10_Select1stESt8equal_toIS6_ESt4hashIS6_ENS_18_Mod_range_hashingENS_20_Default_ranged_hashENS_17_Hashtable_traitsILb1ELb0ELb1EEEE9_M_equalsERS8_jRKNS_16_Hash_node_valueIS9_Lb1EEE
 .text._ZNSt11_Tuple_implILj0EJONSt7__cxx1112basic_stringIcSt11char_traitsIcESaIcEEEEEC2IS5_EEOT_
                0x80a048bc       0x5c obj/Debug/main.o
                0x80a048bc                _ZNSt11_Tuple_implILj0EJONSt7__cxx1112basic_stringIcSt11char_traitsIcESaIcEEEEEC1IS5_EEOT_
                0x80a048bc                _ZNSt11_Tuple_implILj0EJONSt7__cxx1112basic_stringIcSt11char_traitsIcESaIcEEEEEC2IS5_EEOT_
 .text._ZSt12__to_addressINSt8__detail10_Hash_nodeISt4pairIKNSt7__cxx1112basic_stringIcSt11char_traitsIcESaIcEEEbELb1EEEEPT_SD_
                0x80a04918       0x28 obj/Debug/main.o
                0x80a04918                _ZSt12__to_addressINSt8__detail10_Hash_nodeISt4pairIKNSt7__cxx1112basic_stringIcSt11char_traitsIcESaIcEEEbELb1EEEEPT_SD_
 .text._ZNSt10_HashtableINSt7__cxx1112basic_stringIcSt11char_traitsIcESaIcEEESt4pairIKS5_bESaIS8_ENSt8__detail10_Select1stESt8equal_toIS5_ESt4hashIS5_ENSA_18_Mod_range_hashingENSA_20_Default_ranged_hashENSA_20_Prime_rehash_policyENSA_17_Hashtable_traitsILb1ELb0ELb1EEEE13_M_rehash_auxEjSt17integral_constantIbLb1EE
                0x80a04940      0x1a4 obj/Debug/main.o
                0x80a04940                _ZNSt10_HashtableINSt7__cxx1112basic_stringIcSt11char_traitsIcESaIcEEESt4pairIKS5_bESaIS8_ENSt8__detail10_Select1stESt8equal_toIS5_ESt4hashIS5_ENSA_18_Mod_range_hashingENSA_20_Default_ranged_hashENSA_20_Prime_rehash_policyENSA_17_Hashtable_traitsILb1ELb0ELb1EEEE13_M_rehash_auxEjSt17integral_constantIbLb1EE
 .text._ZNKSt8__detail15_Hash_code_baseINSt7__cxx1112basic_stringIcSt11char_traitsIcESaIcEEESt4pairIKS6_bENS_10_Select1stESt4hashIS6_ENS_18_Mod_range_hashingENS_20_Default_ranged_hashELb1EE15_M_bucket_indexERKNS_16_Hash_node_valueIS9_Lb1EEEj
                0x80a04ae4       0x5c obj/Debug/main.o
                0x80a04ae4                _ZNKSt8__detail15_Hash_code_baseINSt7__cxx1112basic_stringIcSt11char_traitsIcESaIcEEESt4pairIKS6_bENS_10_Select1stESt4hashIS6_ENS_18_Mod_range_hashingENS_20_Default_ranged_hashELb1EE15_M_bucket_indexERKNS_16_Hash_node_valueIS9_Lb1EEEj
 .text._ZNSt4pairIKNSt7__cxx1112basic_stringIcSt11char_traitsIcESaIcEEEbED2Ev
                0x80a04b40       0x40 obj/Debug/main.o
                0x80a04b40                _ZNSt4pairIKNSt7__cxx1112basic_stringIcSt11char_traitsIcESaIcEEEbED1Ev
                0x80a04b40                _ZNSt4pairIKNSt7__cxx1112basic_stringIcSt11char_traitsIcESaIcEEEbED2Ev
 .text._ZNSt19__ptr_traits_ptr_toIPNSt8__detail10_Hash_nodeISt4pairIKNSt7__cxx1112basic_stringIcSt11char_traitsIcESaIcEEEbELb1EEESB_Lb0EE10pointer_toERSB_
                0x80a04b80       0x40 obj/Debug/main.o
                0x80a04b80                _ZNSt19__ptr_traits_ptr_toIPNSt8__detail10_Hash_nodeISt4pairIKNSt7__cxx1112basic_stringIcSt11char_traitsIcESaIcEEEbELb1EEESB_Lb0EE10pointer_toERSB_
 .text._ZSt9addressofIPNSt8__detail15_Hash_node_baseEEPT_RS3_
                0x80a04bc0       0x40 obj/Debug/main.o
                0x80a04bc0                _ZSt9addressofIPNSt8__detail15_Hash_node_baseEEPT_RS3_
 .text._ZNSt15__new_allocatorIPNSt8__detail15_Hash_node_baseEED2Ev
                0x80a04c00       0x24 obj/Debug/main.o
                0x80a04c00                _ZNSt15__new_allocatorIPNSt8__detail15_Hash_node_baseEED1Ev
                0x80a04c00                _ZNSt15__new_allocatorIPNSt8__detail15_Hash_node_baseEED2Ev
 .text._ZNSt15__new_allocatorIPNSt8__detail15_Hash_node_baseEE10deallocateEPS2_j
                0x80a04c24       0x4c obj/Debug/main.o
                0x80a04c24                _ZNSt15__new_allocatorIPNSt8__detail15_Hash_node_baseEE10deallocateEPS2_j
 .text._ZNSt8__detail15_Hashtable_baseINSt7__cxx1112basic_stringIcSt11char_traitsIcESaIcEEESt4pairIKS6_bENS_10_Select1stESt8equal_toIS6_ESt4hashIS6_ENS_18_Mod_range_hashingENS_20_Default_ranged_hashENS_17_Hashtable_traitsILb1ELb0ELb1EEEE9_S_equalsEjRKNS_21_Hash_node_code_cacheILb1EEE
                0x80a04c70       0x44 obj/Debug/main.o
                0x80a04c70                _ZNSt8__detail15_Hashtable_baseINSt7__cxx1112basic_stringIcSt11char_traitsIcESaIcEEESt4pairIKS6_bENS_10_Select1stESt8equal_toIS6_ESt4hashIS6_ENS_18_Mod_range_hashingENS_20_Default_ranged_hashENS_17_Hashtable_traitsILb1ELb0ELb1EEEE9_S_equalsEjRKNS_21_Hash_node_code_cacheILb1EEE
 .text._ZNKSt8__detail15_Hashtable_baseINSt7__cxx1112basic_stringIcSt11char_traitsIcESaIcEEESt4pairIKS6_bENS_10_Select1stESt8equal_toIS6_ESt4hashIS6_ENS_18_Mod_range_hashingENS_20_Default_ranged_hashENS_17_Hashtable_traitsILb1ELb0ELb1EEEE13_M_key_equalsERS8_RKNS_16_Hash_node_valueIS9_Lb1EEE
                0x80a04cb4       0x8c obj/Debug/main.o
                0x80a04cb4                _ZNKSt8__detail15_Hashtable_baseINSt7__cxx1112basic_stringIcSt11char_traitsIcESaIcEEESt4pairIKS6_bENS_10_Select1stESt8equal_toIS6_ESt4hashIS6_ENS_18_Mod_range_hashingENS_20_Default_ranged_hashENS_17_Hashtable_traitsILb1ELb0ELb1EEEE13_M_key_equalsERS8_RKNS_16_Hash_node_valueIS9_Lb1EEE
 .text._ZNSt10_Head_baseILj0EONSt7__cxx1112basic_stringIcSt11char_traitsIcESaIcEEELb0EEC2IS5_EEOT_
                0x80a04d40       0x4c obj/Debug/main.o
                0x80a04d40                _ZNSt10_Head_baseILj0EONSt7__cxx1112basic_stringIcSt11char_traitsIcESaIcEEELb0EEC1IS5_EEOT_
                0x80a04d40                _ZNSt10_Head_baseILj0EONSt7__cxx1112basic_stringIcSt11char_traitsIcESaIcEEELb0EEC2IS5_EEOT_
 .text._ZNSt15__new_allocatorINSt8__detail10_Hash_nodeISt4pairIKNSt7__cxx1112basic_stringIcSt11char_traitsIcESaIcEEEbELb1EEEE8allocateEjPKv
                0x80a04d8c       0xa8 obj/Debug/main.o
                0x80a04d8c                _ZNSt15__new_allocatorINSt8__detail10_Hash_nodeISt4pairIKNSt7__cxx1112basic_stringIcSt11char_traitsIcESaIcEEEbELb1EEEE8allocateEjPKv
 .text._ZNSt5tupleIJONSt7__cxx1112basic_stringIcSt11char_traitsIcESaIcEEEEEC2EOS7_
                0x80a04e34       0x4c obj/Debug/main.o
                0x80a04e34                _ZNSt5tupleIJONSt7__cxx1112basic_stringIcSt11char_traitsIcESaIcEEEEEC2EOS7_
                0x80a04e34                _ZNSt5tupleIJONSt7__cxx1112basic_stringIcSt11char_traitsIcESaIcEEEEEC1EOS7_
 .text._ZNSt15__new_allocatorINSt8__detail10_Hash_nodeISt4pairIKNSt7__cxx1112basic_stringIcSt11char_traitsIcESaIcEEEbELb1EEEE10deallocateEPSB_j
                0x80a04e80       0x4c obj/Debug/main.o
                0x80a04e80                _ZNSt15__new_allocatorINSt8__detail10_Hash_nodeISt4pairIKNSt7__cxx1112basic_stringIcSt11char_traitsIcESaIcEEEbELb1EEEE10deallocateEPSB_j
 .text._ZNSt10_HashtableINSt7__cxx1112basic_stringIcSt11char_traitsIcESaIcEEESt4pairIKS5_bESaIS8_ENSt8__detail10_Select1stESt8equal_toIS5_ESt4hashIS5_ENSA_18_Mod_range_hashingENSA_20_Default_ranged_hashENSA_20_Prime_rehash_policyENSA_17_Hashtable_traitsILb1ELb0ELb1EEEE19_M_allocate_bucketsEj
                0x80a04ecc       0x80 obj/Debug/main.o
                0x80a04ecc                _ZNSt10_HashtableINSt7__cxx1112basic_stringIcSt11char_traitsIcESaIcEEESt4pairIKS5_bESaIS8_ENSt8__detail10_Select1stESt8equal_toIS5_ESt4hashIS5_ENSA_18_Mod_range_hashingENSA_20_Default_ranged_hashENSA_20_Prime_rehash_policyENSA_17_Hashtable_traitsILb1ELb0ELb1EEEE19_M_allocate_bucketsEj
 .text._ZSt9addressofINSt8__detail10_Hash_nodeISt4pairIKNSt7__cxx1112basic_stringIcSt11char_traitsIcESaIcEEEbELb1EEEEPT_RSC_
                0x80a04f4c       0x40 obj/Debug/main.o
                0x80a04f4c                _ZSt9addressofINSt8__detail10_Hash_nodeISt4pairIKNSt7__cxx1112basic_stringIcSt11char_traitsIcESaIcEEEbELb1EEEEPT_RSC_
 .text._ZSt11__addressofIPNSt8__detail15_Hash_node_baseEEPT_RS3_
                0x80a04f8c       0x28 obj/Debug/main.o
                0x80a04f8c                _ZSt11__addressofIPNSt8__detail15_Hash_node_baseEEPT_RS3_
 .text._ZNKSt8__detail15_Hashtable_baseINSt7__cxx1112basic_stringIcSt11char_traitsIcESaIcEEESt4pairIKS6_bENS_10_Select1stESt8equal_toIS6_ESt4hashIS6_ENS_18_Mod_range_hashingENS_20_Default_ranged_hashENS_17_Hashtable_traitsILb1ELb0ELb1EEEE5_M_eqEv
                0x80a04fb4       0x40 obj/Debug/main.o
                0x80a04fb4                _ZNKSt8__detail15_Hashtable_baseINSt7__cxx1112basic_stringIcSt11char_traitsIcESaIcEEESt4pairIKS6_bENS_10_Select1stESt8equal_toIS6_ESt4hashIS6_ENS_18_Mod_range_hashingENS_20_Default_ranged_hashENS_17_Hashtable_traitsILb1ELb0ELb1EEEE5_M_eqEv
 .text._ZNKSt8__detail21_Hash_node_value_baseISt4pairIKNSt7__cxx1112basic_stringIcSt11char_traitsIcESaIcEEEbEE4_M_vEv
                0x80a04ff4       0x40 obj/Debug/main.o
                0x80a04ff4                _ZNKSt8__detail21_Hash_node_value_baseISt4pairIKNSt7__cxx1112basic_stringIcSt11char_traitsIcESaIcEEEbEE4_M_vEv
 .text._ZNKSt8__detail10_Select1stclIRKSt4pairIKNSt7__cxx1112basic_stringIcSt11char_traitsIcESaIcEEEbEEEONS0_10__1st_typeIT_E4typeEOSE_
                0x80a05034       0x44 obj/Debug/main.o
                0x80a05034                _ZNKSt8__detail10_Select1stclIRKSt4pairIKNSt7__cxx1112basic_stringIcSt11char_traitsIcESaIcEEEbEEEONS0_10__1st_typeIT_E4typeEOSE_
 .text._ZNKSt8equal_toINSt7__cxx1112basic_stringIcSt11char_traitsIcESaIcEEEEclERKS5_S8_
                0x80a05078       0x50 obj/Debug/main.o
                0x80a05078                _ZNKSt8equal_toINSt7__cxx1112basic_stringIcSt11char_traitsIcESaIcEEEEclERKS5_S8_
 .text._ZNSt11_Tuple_implILj0EJONSt7__cxx1112basic_stringIcSt11char_traitsIcESaIcEEEEEC2EOS7_
                0x80a050c8       0x38 obj/Debug/main.o
                0x80a050c8                _ZNSt11_Tuple_implILj0EJONSt7__cxx1112basic_stringIcSt11char_traitsIcESaIcEEEEEC2EOS7_
                0x80a050c8                _ZNSt11_Tuple_implILj0EJONSt7__cxx1112basic_stringIcSt11char_traitsIcESaIcEEEEEC1EOS7_
 .text._ZNSt4pairIKNSt7__cxx1112basic_stringIcSt11char_traitsIcESaIcEEEbEC2IJOS5_EJEEESt21piecewise_construct_tSt5tupleIJDpT_EESB_IJDpT0_EE
                0x80a05100       0x84 obj/Debug/main.o
                0x80a05100                _ZNSt4pairIKNSt7__cxx1112basic_stringIcSt11char_traitsIcESaIcEEEbEC2IJOS5_EJEEESt21piecewise_construct_tSt5tupleIJDpT_EESB_IJDpT0_EE
                0x80a05100                _ZNSt4pairIKNSt7__cxx1112basic_stringIcSt11char_traitsIcESaIcEEEbEC1IJOS5_EJEEESt21piecewise_construct_tSt5tupleIJDpT_EESB_IJDpT0_EE
 .text._ZNSt8__detail16_Hashtable_allocISaINS_10_Hash_nodeISt4pairIKNSt7__cxx1112basic_stringIcSt11char_traitsIcESaIcEEEbELb1EEEEE19_M_allocate_bucketsEj
                0x80a05184       0xec obj/Debug/main.o
                0x80a05184                _ZNSt8__detail16_Hashtable_allocISaINS_10_Hash_nodeISt4pairIKNSt7__cxx1112basic_stringIcSt11char_traitsIcESaIcEEEbELb1EEEEE19_M_allocate_bucketsEj
 .text._ZSt11__addressofINSt8__detail10_Hash_nodeISt4pairIKNSt7__cxx1112basic_stringIcSt11char_traitsIcESaIcEEEbELb1EEEEPT_RSC_
                0x80a05270       0x28 obj/Debug/main.o
                0x80a05270                _ZSt11__addressofINSt8__detail10_Hash_nodeISt4pairIKNSt7__cxx1112basic_stringIcSt11char_traitsIcESaIcEEEbELb1EEEEPT_RSC_
 .text._ZNKSt8__detail21_Hashtable_ebo_helperILi0ESt8equal_toINSt7__cxx1112basic_stringIcSt11char_traitsIcESaIcEEEELb1EE7_M_cgetEv
                0x80a05298       0x28 obj/Debug/main.o
                0x80a05298                _ZNKSt8__detail21_Hashtable_ebo_helperILi0ESt8equal_toINSt7__cxx1112basic_stringIcSt11char_traitsIcESaIcEEEELb1EE7_M_cgetEv
 .text._ZNKSt8__detail21_Hash_node_value_baseISt4pairIKNSt7__cxx1112basic_stringIcSt11char_traitsIcESaIcEEEbEE9_M_valptrEv
                0x80a052c0       0x44 obj/Debug/main.o
                0x80a052c0                _ZNKSt8__detail21_Hash_node_value_baseISt4pairIKNSt7__cxx1112basic_stringIcSt11char_traitsIcESaIcEEEbEE9_M_valptrEv
 .text._ZSt7forwardIRKSt4pairIKNSt7__cxx1112basic_stringIcSt11char_traitsIcESaIcEEEbEEOT_RNSt16remove_referenceISB_E4typeE
                0x80a05304       0x28 obj/Debug/main.o
                0x80a05304                _ZSt7forwardIRKSt4pairIKNSt7__cxx1112basic_stringIcSt11char_traitsIcESaIcEEEbEEOT_RNSt16remove_referenceISB_E4typeE
 .text._ZSteqIcSt11char_traitsIcESaIcEEbRKNSt7__cxx1112basic_stringIT_T0_T1_EESA_
                0x80a0532c       0xb8 obj/Debug/main.o
                0x80a0532c                _ZSteqIcSt11char_traitsIcESaIcEEbRKNSt7__cxx1112basic_stringIT_T0_T1_EESA_
 .text._ZNSt4pairIKNSt7__cxx1112basic_stringIcSt11char_traitsIcESaIcEEEbEC2IJOS5_EJLj0EEJEJEEERSt5tupleIJDpT_EERSA_IJDpT1_EESt12_Index_tupleIJXspT0_EEESJ_IJXspT2_EEE
                0x80a053e4       0x90 obj/Debug/main.o
                0x80a053e4                _ZNSt4pairIKNSt7__cxx1112basic_stringIcSt11char_traitsIcESaIcEEEbEC2IJOS5_EJLj0EEJEJEEERSt5tupleIJDpT_EERSA_IJDpT1_EESt12_Index_tupleIJXspT0_EEESJ_IJXspT2_EEE
                0x80a053e4                _ZNSt4pairIKNSt7__cxx1112basic_stringIcSt11char_traitsIcESaIcEEEbEC1IJOS5_EJLj0EEJEJEEERSt5tupleIJDpT_EERSA_IJDpT1_EESt12_Index_tupleIJXspT0_EEESJ_IJXspT2_EEE
 .text._ZSt12__to_addressIPNSt8__detail15_Hash_node_baseEEPT_S4_
                0x80a05474       0x28 obj/Debug/main.o
                0x80a05474                _ZSt12__to_addressIPNSt8__detail15_Hash_node_baseEEPT_S4_
 .text._ZNK9__gnu_cxx16__aligned_bufferISt4pairIKNSt7__cxx1112basic_stringIcSt11char_traitsIcESaIcEEEbEE6_M_ptrEv
                0x80a0549c       0x40 obj/Debug/main.o
                0x80a0549c                _ZNK9__gnu_cxx16__aligned_bufferISt4pairIKNSt7__cxx1112basic_stringIcSt11char_traitsIcESaIcEEEbEE6_M_ptrEv
 .text._ZSt3getILj0EJONSt7__cxx1112basic_stringIcSt11char_traitsIcESaIcEEEEERNSt13tuple_elementIXT_ESt5tupleIJDpT0_EEE4typeERSB_
                0x80a054dc       0x44 obj/Debug/main.o
                0x80a054dc                _ZSt3getILj0EJONSt7__cxx1112basic_stringIcSt11char_traitsIcESaIcEEEEERNSt13tuple_elementIXT_ESt5tupleIJDpT0_EEE4typeERSB_
 .text._ZSt7forwardIONSt7__cxx1112basic_stringIcSt11char_traitsIcESaIcEEEEOT_RNSt16remove_referenceIS7_E4typeE
                0x80a05520       0x28 obj/Debug/main.o
                0x80a05520                _ZSt7forwardIONSt7__cxx1112basic_stringIcSt11char_traitsIcESaIcEEEEOT_RNSt16remove_referenceIS7_E4typeE
 .text._ZNSt15__new_allocatorIPNSt8__detail15_Hash_node_baseEE8allocateEjPKv
                0x80a05548       0xa4 obj/Debug/main.o
                0x80a05548                _ZNSt15__new_allocatorIPNSt8__detail15_Hash_node_baseEE8allocateEjPKv
 .text._ZNK9__gnu_cxx16__aligned_bufferISt4pairIKNSt7__cxx1112basic_stringIcSt11char_traitsIcESaIcEEEbEE7_M_addrEv
                0x80a055ec       0x28 obj/Debug/main.o
                0x80a055ec                _ZNK9__gnu_cxx16__aligned_bufferISt4pairIKNSt7__cxx1112basic_stringIcSt11char_traitsIcESaIcEEEbEE7_M_addrEv
 .text._ZSt12__get_helperILj0EONSt7__cxx1112basic_stringIcSt11char_traitsIcESaIcEEEJEERT0_RSt11_Tuple_implIXT_EJS7_DpT1_EE
                0x80a05614       0x40 obj/Debug/main.o
                0x80a05614                _ZSt12__get_helperILj0EONSt7__cxx1112basic_stringIcSt11char_traitsIcESaIcEEEJEERT0_RSt11_Tuple_implIXT_EJS7_DpT1_EE
 .text._ZNSt11_Tuple_implILj0EJONSt7__cxx1112basic_stringIcSt11char_traitsIcESaIcEEEEE7_M_headERS7_
                0x80a05654       0x44 obj/Debug/main.o
                0x80a05654                _ZNSt11_Tuple_implILj0EJONSt7__cxx1112basic_stringIcSt11char_traitsIcESaIcEEEEE7_M_headERS7_
 .text._ZNSt10_Head_baseILj0EONSt7__cxx1112basic_stringIcSt11char_traitsIcESaIcEEELb0EE7_M_headERS7_
                0x80a05698       0x2c obj/Debug/main.o
                0x80a05698                _ZNSt10_Head_baseILj0EONSt7__cxx1112basic_stringIcSt11char_traitsIcESaIcEEELb0EE7_M_headERS7_
 .text._ZN9WiiNetDbgC2ENSt7__cxx1112basic_stringIcSt11char_traitsIcESaIcEEE
                0x80a056c4      0x30c obj/Debug/WiiNetDbg.o
                0x80a056c4                _ZN9WiiNetDbgC2ENSt7__cxx1112basic_stringIcSt11char_traitsIcESaIcEEE
                0x80a056c4                _ZN9WiiNetDbgC1ENSt7__cxx1112basic_stringIcSt11char_traitsIcESaIcEEE
 .text._ZN9WiiNetDbg6RPrintENSt7__cxx1112basic_stringIcSt11char_traitsIcESaIcEEE
                0x80a059d0       0xe0 obj/Debug/WiiNetDbg.o
                0x80a059d0                _ZN9WiiNetDbg6RPrintENSt7__cxx1112basic_stringIcSt11char_traitsIcESaIcEEE
 .text._ZN9WiiNetDbgD2Ev
                0x80a05ab0       0x54 obj/Debug/WiiNetDbg.o
                0x80a05ab0                _ZN9WiiNetDbgD2Ev
                0x80a05ab0                _ZN9WiiNetDbgD1Ev
 .text._ZN9WiiNetDbgD0Ev
                0x80a05b04       0x44 obj/Debug/WiiNetDbg.o
                0x80a05b04                _ZN9WiiNetDbgD0Ev
 .text._ZStplIcSt11char_traitsIcESaIcEENSt7__cxx1112basic_stringIT_T0_T1_EERKS8_PKS5_
                0x80a05b48       0xe0 obj/Debug/WiiNetDbg.o
                0x80a05b48                _ZStplIcSt11char_traitsIcESaIcEENSt7__cxx1112basic_stringIT_T0_T1_EERKS8_PKS5_
 .text._ZStplIcSt11char_traitsIcESaIcEENSt7__cxx1112basic_stringIT_T0_T1_EEOS8_PKS5_
                0x80a05c28       0x64 obj/Debug/WiiNetDbg.o
                0x80a05c28                _ZStplIcSt11char_traitsIcESaIcEENSt7__cxx1112basic_stringIT_T0_T1_EEOS8_PKS5_
 .text._ZStplIcSt11char_traitsIcESaIcEENSt7__cxx1112basic_stringIT_T0_T1_EEOS8_RKS8_
                0x80a05c8c       0x64 obj/Debug/WiiNetDbg.o
                0x80a05c8c                _ZStplIcSt11char_traitsIcESaIcEENSt7__cxx1112basic_stringIT_T0_T1_EEOS8_RKS8_
 .text._ZSt12__str_concatINSt7__cxx1112basic_stringIcSt11char_traitsIcESaIcEEEET_PKNS6_10value_typeENS6_9size_typeES9_SA_RKNS6_14allocator_typeE
                0x80a05cf0      0x104 obj/Debug/WiiNetDbg.o
                0x80a05cf0                _ZSt12__str_concatINSt7__cxx1112basic_stringIcSt11char_traitsIcESaIcEEEET_PKNS6_10value_typeENS6_9size_typeES9_SA_RKNS6_14allocator_typeE
 .text.__wpad_assign_slot
                0x80a05df4      0x254 /opt/devkitpro/libogc/lib/wii/libwiiuse.a(wpad.o)
                0x80a05df4                __wpad_assign_slot
 .text.__wpad_def_powcb
                0x80a06048        0x4 /opt/devkitpro/libogc/lib/wii/libwiiuse.a(wpad.o)
 .text.__readlinkkey_finished
                0x80a0604c       0x34 /opt/devkitpro/libogc/lib/wii/libwiiuse.a(wpad.o)
 .text.__wpad_patch_finished
                0x80a06080       0x2c /opt/devkitpro/libogc/lib/wii/libwiiuse.a(wpad.o)
 .text.__wpad_setfmt
                0x80a060ac      0x14c /opt/devkitpro/libogc/lib/wii/libwiiuse.a(wpad.o)
 .text.__wpad_eventCB
                0x80a061f8      0xad4 /opt/devkitpro/libogc/lib/wii/libwiiuse.a(wpad.o)
 .text.__wpad_disconnectCB
                0x80a06ccc       0xd4 /opt/devkitpro/libogc/lib/wii/libwiiuse.a(wpad.o)
                0x80a06ccc                __wpad_disconnectCB
 .text.__wpad_timeouthandler
                0x80a06da0       0xa8 /opt/devkitpro/libogc/lib/wii/libwiiuse.a(wpad.o)
 .text.__initcore_finished
                0x80a06e48       0x48 /opt/devkitpro/libogc/lib/wii/libwiiuse.a(wpad.o)
 .text.__wpad_init_finished
                0x80a06e90      0x194 /opt/devkitpro/libogc/lib/wii/libwiiuse.a(wpad.o)
 .text.WPAD_ReadEvent
                0x80a07024      0x68c /opt/devkitpro/libogc/lib/wii/libwiiuse.a(wpad.o)
                0x80a07024                WPAD_ReadEvent
 .text.WPAD_ReadPending
                0x80a076b0      0x1a0 /opt/devkitpro/libogc/lib/wii/libwiiuse.a(wpad.o)
                0x80a076b0                WPAD_ReadPending
 .text.WPAD_SetDataFormat
                0x80a07850      0x18c /opt/devkitpro/libogc/lib/wii/libwiiuse.a(wpad.o)
                0x80a07850                WPAD_SetDataFormat
 .text.WPAD_Shutdown
                0x80a079dc      0x114 /opt/devkitpro/libogc/lib/wii/libwiiuse.a(wpad.o)
                0x80a079dc                WPAD_Shutdown
 .text.WPAD_Init
                0x80a07af0      0x2c4 /opt/devkitpro/libogc/lib/wii/libwiiuse.a(wpad.o)
                0x80a07af0                WPAD_Init
 .text.__wpad_onreset
                0x80a07db4       0x34 /opt/devkitpro/libogc/lib/wii/libwiiuse.a(wpad.o)
 .text.WPAD_ScanPads
                0x80a07de8       0x90 /opt/devkitpro/libogc/lib/wii/libwiiuse.a(wpad.o)
                0x80a07de8                WPAD_ScanPads
 .text.WPAD_ButtonsHeld
                0x80a07e78       0x28 /opt/devkitpro/libogc/lib/wii/libwiiuse.a(wpad.o)
                0x80a07e78                WPAD_ButtonsHeld
 .text.WPAD_IR  0x80a07ea0       0x50 /opt/devkitpro/libogc/lib/wii/libwiiuse.a(wpad.o)
                0x80a07ea0                WPAD_IR
 .text.WPAD_Orientation
                0x80a07ef0       0x50 /opt/devkitpro/libogc/lib/wii/libwiiuse.a(wpad.o)
                0x80a07ef0                WPAD_Orientation
 .text.WPAD_Accel
                0x80a07f40       0x34 /opt/devkitpro/libogc/lib/wii/libwiiuse.a(wpad.o)
                0x80a07f40                WPAD_Accel
 .text.WPAD_Expansion
                0x80a07f74       0x50 /opt/devkitpro/libogc/lib/wii/libwiiuse.a(wpad.o)
                0x80a07f74                WPAD_Expansion
 .text.motion_plus_disconnected
                0x80a07fc4       0x10 /opt/devkitpro/libogc/lib/wii/libwiiuse.a(motion_plus.o)
                0x80a07fc4                motion_plus_disconnected
 .text.motion_plus_event
                0x80a07fd4       0x64 /opt/devkitpro/libogc/lib/wii/libwiiuse.a(motion_plus.o)
                0x80a07fd4                motion_plus_event
 .text.calculate_gforce
                0x80a08038      0x114 /opt/devkitpro/libogc/lib/wii/libwiiuse.a(dynamics.o)
                0x80a08038                calculate_gforce
 .text.calc_joystick_state
                0x80a0814c      0x210 /opt/devkitpro/libogc/lib/wii/libwiiuse.a(dynamics.o)
                0x80a0814c                calc_joystick_state
 .text.apply_smoothing
                0x80a0835c      0x140 /opt/devkitpro/libogc/lib/wii/libwiiuse.a(dynamics.o)
                0x80a0835c                apply_smoothing
 .text.calculate_orientation
                0x80a0849c      0x340 /opt/devkitpro/libogc/lib/wii/libwiiuse.a(dynamics.o)
                0x80a0849c                calculate_orientation
 .text.calc_balanceboard_state
                0x80a087dc      0x3a4 /opt/devkitpro/libogc/lib/wii/libwiiuse.a(dynamics.o)
                0x80a087dc                calc_balanceboard_state
 .text.wiiuse_handshake
                0x80a08b80      0x27c /opt/devkitpro/libogc/lib/wii/libwiiuse.a(io.o)
                0x80a08b80                wiiuse_handshake
 .text.wiiuse_handshake_expansion
                0x80a08dfc      0x1f0 /opt/devkitpro/libogc/lib/wii/libwiiuse.a(io.o)
                0x80a08dfc                wiiuse_handshake_expansion
 .text.wiiuse_handshake_expansion_start
                0x80a08fec       0x5c /opt/devkitpro/libogc/lib/wii/libwiiuse.a(io.o)
                0x80a08fec                wiiuse_handshake_expansion_start
 .text.wiiuse_disable_expansion
                0x80a09048      0x1b0 /opt/devkitpro/libogc/lib/wii/libwiiuse.a(io.o)
                0x80a09048                wiiuse_disable_expansion
 .text.__wiiuse_connected
                0x80a091f8       0x9c /opt/devkitpro/libogc/lib/wii/libwiiuse.a(io_wii.o)
 .text.__wiiuse_disconnected
                0x80a09294       0xb4 /opt/devkitpro/libogc/lib/wii/libwiiuse.a(io_wii.o)
 .text.__wiiuse_receive
                0x80a09348       0xd0 /opt/devkitpro/libogc/lib/wii/libwiiuse.a(io_wii.o)
 .text.__wiiuse_sensorbar_enable
                0x80a09418       0x54 /opt/devkitpro/libogc/lib/wii/libwiiuse.a(io_wii.o)
                0x80a09418                __wiiuse_sensorbar_enable
 .text.wiiuse_register
                0x80a0946c       0xf0 /opt/devkitpro/libogc/lib/wii/libwiiuse.a(io_wii.o)
                0x80a0946c                wiiuse_register
 .text.wiiuse_disconnect
                0x80a0955c       0x24 /opt/devkitpro/libogc/lib/wii/libwiiuse.a(io_wii.o)
                0x80a0955c                wiiuse_disconnect
 .text.wiiuse_init_cmd_queue
                0x80a09580       0x9c /opt/devkitpro/libogc/lib/wii/libwiiuse.a(io_wii.o)
                0x80a09580                wiiuse_init_cmd_queue
 .text.wiiuse_io_write
                0x80a0961c       0x1c /opt/devkitpro/libogc/lib/wii/libwiiuse.a(io_wii.o)
                0x80a0961c                wiiuse_io_write
 .text.rotate_dots
                0x80a09638      0x13c /opt/devkitpro/libogc/lib/wii/libwiiuse.a(ir.o)
 .text.get_ir_sens.constprop.0.isra.0
                0x80a09774       0xdc /opt/devkitpro/libogc/lib/wii/libwiiuse.a(ir.o)
 .text.wiiuse_set_ir_mode
                0x80a09850       0x5c /opt/devkitpro/libogc/lib/wii/libwiiuse.a(ir.o)
                0x80a09850                wiiuse_set_ir_mode
 .text.wiiuse_set_ir
                0x80a098ac      0x204 /opt/devkitpro/libogc/lib/wii/libwiiuse.a(ir.o)
                0x80a098ac                wiiuse_set_ir
 .text.wiiuse_set_ir_position
                0x80a09ab0       0x80 /opt/devkitpro/libogc/lib/wii/libwiiuse.a(ir.o)
                0x80a09ab0                wiiuse_set_ir_position
 .text.wiiuse_set_aspect_ratio
                0x80a09b30       0xac /opt/devkitpro/libogc/lib/wii/libwiiuse.a(ir.o)
                0x80a09b30                wiiuse_set_aspect_ratio
 .text.wiiuse_set_ir_sensitivity
                0x80a09bdc       0xe4 /opt/devkitpro/libogc/lib/wii/libwiiuse.a(ir.o)
                0x80a09bdc                wiiuse_set_ir_sensitivity
 .text.calculate_basic_ir
                0x80a09cc0       0xe8 /opt/devkitpro/libogc/lib/wii/libwiiuse.a(ir.o)
                0x80a09cc0                calculate_basic_ir
 .text.calculate_extended_ir
                0x80a09da8       0x64 /opt/devkitpro/libogc/lib/wii/libwiiuse.a(ir.o)
                0x80a09da8                calculate_extended_ir
 .text.find_sensorbar
                0x80a09e0c      0xa00 /opt/devkitpro/libogc/lib/wii/libwiiuse.a(ir.o)
                0x80a09e0c                find_sensorbar
 .text.apply_ir_smoothing
                0x80a0a80c      0x124 /opt/devkitpro/libogc/lib/wii/libwiiuse.a(ir.o)
                0x80a0a80c                apply_ir_smoothing
 .text.interpret_ir_data
                0x80a0a930      0x3c8 /opt/devkitpro/libogc/lib/wii/libwiiuse.a(ir.o)
                0x80a0a930                interpret_ir_data
 .text.nunchuk_handshake
                0x80a0acf8      0x31c /opt/devkitpro/libogc/lib/wii/libwiiuse.a(nunchuk.o)
                0x80a0acf8                nunchuk_handshake
 .text.nunchuk_disconnected
                0x80a0b014        0xc /opt/devkitpro/libogc/lib/wii/libwiiuse.a(nunchuk.o)
                0x80a0b014                nunchuk_disconnected
 .text.nunchuk_event
                0x80a0b020       0xe8 /opt/devkitpro/libogc/lib/wii/libwiiuse.a(nunchuk.o)
                0x80a0b020                nunchuk_event
 .text.wii_board_handshake
                0x80a0b108      0x284 /opt/devkitpro/libogc/lib/wii/libwiiuse.a(wiiboard.o)
                0x80a0b108                wii_board_handshake
 .text.wii_board_disconnected
                0x80a0b38c        0xc /opt/devkitpro/libogc/lib/wii/libwiiuse.a(wiiboard.o)
                0x80a0b38c                wii_board_disconnected
 .text.wii_board_event
                0x80a0b398       0x24 /opt/devkitpro/libogc/lib/wii/libwiiuse.a(wiiboard.o)
                0x80a0b398                wii_board_event
 .text.wiiuse_send_next_command
                0x80a0b3bc       0x58 /opt/devkitpro/libogc/lib/wii/libwiiuse.a(wiiuse.o)
                0x80a0b3bc                wiiuse_send_next_command
 .text.wiiuse_init
                0x80a0b414      0x208 /opt/devkitpro/libogc/lib/wii/libwiiuse.a(wiiuse.o)
                0x80a0b414                wiiuse_init
 .text.wiiuse_set_flags
                0x80a0b61c       0x28 /opt/devkitpro/libogc/lib/wii/libwiiuse.a(wiiuse.o)
                0x80a0b61c                wiiuse_set_flags
 .text.wiiuse_read_data
                0x80a0b644      0x154 /opt/devkitpro/libogc/lib/wii/libwiiuse.a(wiiuse.o)
                0x80a0b644                wiiuse_read_data
 .text.wiiuse_write_data
                0x80a0b798      0x18c /opt/devkitpro/libogc/lib/wii/libwiiuse.a(wiiuse.o)
                0x80a0b798                wiiuse_write_data
 .text.wiiuse_sendcmd
                0x80a0b924      0x144 /opt/devkitpro/libogc/lib/wii/libwiiuse.a(wiiuse.o)
                0x80a0b924                wiiuse_sendcmd
 .text.wiiuse_set_leds
                0x80a0ba68       0x50 /opt/devkitpro/libogc/lib/wii/libwiiuse.a(wiiuse.o)
                0x80a0ba68                wiiuse_set_leds
 .text.wiiuse_set_report_type
                0x80a0bab8       0xb0 /opt/devkitpro/libogc/lib/wii/libwiiuse.a(wiiuse.o)
                0x80a0bab8                wiiuse_set_report_type
 .text.wiiuse_status
                0x80a0bb68       0x4c /opt/devkitpro/libogc/lib/wii/libwiiuse.a(wiiuse.o)
                0x80a0bb68                wiiuse_status
 .text.wiiuse_motion_sensing
                0x80a0bbb4       0x84 /opt/devkitpro/libogc/lib/wii/libwiiuse.a(wiiuse.o)
                0x80a0bbb4                wiiuse_motion_sensing
 .text.wiiuse_set_speaker
                0x80a0bc38      0x24c /opt/devkitpro/libogc/lib/wii/libwiiuse.a(speaker.o)
                0x80a0bc38                wiiuse_set_speaker
 .text.classic_ctrl_handshake
                0x80a0be84      0x410 /opt/devkitpro/libogc/lib/wii/libwiiuse.a(classic.o)
                0x80a0be84                classic_ctrl_handshake
 .text.classic_ctrl_disconnected
                0x80a0c294        0xc /opt/devkitpro/libogc/lib/wii/libwiiuse.a(classic.o)
                0x80a0c294                classic_ctrl_disconnected
 .text.classic_ctrl_event
                0x80a0c2a0      0x15c /opt/devkitpro/libogc/lib/wii/libwiiuse.a(classic.o)
                0x80a0c2a0                classic_ctrl_event
 .text.handle_expansion
                0x80a0c3fc       0x54 /opt/devkitpro/libogc/lib/wii/libwiiuse.a(events.o)
 .text.parse_event
                0x80a0c450      0x730 /opt/devkitpro/libogc/lib/wii/libwiiuse.a(events.o)
                0x80a0c450                parse_event
 .text.guitar_hero_3_handshake
                0x80a0cb80       0x5c /opt/devkitpro/libogc/lib/wii/libwiiuse.a(guitar_hero_3.o)
                0x80a0cb80                guitar_hero_3_handshake
 .text.guitar_hero_3_disconnected
                0x80a0cbdc        0xc /opt/devkitpro/libogc/lib/wii/libwiiuse.a(guitar_hero_3.o)
                0x80a0cbdc                guitar_hero_3_disconnected
 .text.guitar_hero_3_event
                0x80a0cbe8       0x60 /opt/devkitpro/libogc/lib/wii/libwiiuse.a(guitar_hero_3.o)
                0x80a0cbe8                guitar_hero_3_event
 .text.acl_wlp_completed
                0x80a0cc48        0x8 /opt/devkitpro/libogc/lib/wii/libbte.a(bte.o)
                0x80a0cc48                acl_wlp_completed
 .text.bt_alarmhandler
                0x80a0cc50       0x58 /opt/devkitpro/libogc/lib/wii/libbte.a(bte.o)
 .text.__bte_send_pending_request
                0x80a0cca8      0x108 /opt/devkitpro/libogc/lib/wii/libbte.a(bte.o)
 .text.acl_conn_complete
                0x80a0cdb0       0x2c /opt/devkitpro/libogc/lib/wii/libbte.a(bte.o)
                0x80a0cdb0                acl_conn_complete
 .text.l2cap_accepted
                0x80a0cddc      0x134 /opt/devkitpro/libogc/lib/wii/libbte.a(bte.o)
                0x80a0cddc                l2cap_accepted
 .text.l2cap_disconnect_cfm
                0x80a0cf10      0x19c /opt/devkitpro/libogc/lib/wii/libbte.a(bte.o)
                0x80a0cf10                l2cap_disconnect_cfm
 .text.bte_process_input
                0x80a0d0ac      0x128 /opt/devkitpro/libogc/lib/wii/libbte.a(bte.o)
 .text.l2cap_disconnected_ind
                0x80a0d1d4      0x1a4 /opt/devkitpro/libogc/lib/wii/libbte.a(bte.o)
                0x80a0d1d4                l2cap_disconnected_ind
 .text.__bte_shutdown_finished
                0x80a0d378       0xe0 /opt/devkitpro/libogc/lib/wii/libbte.a(bte.o)
 .text.bte_hci_apply_patch_complete
                0x80a0d458      0x164 /opt/devkitpro/libogc/lib/wii/libbte.a(bte.o)
                0x80a0d458                bte_hci_apply_patch_complete
 .text.bte_hci_patch_complete
                0x80a0d5bc      0x380 /opt/devkitpro/libogc/lib/wii/libbte.a(bte.o)
                0x80a0d5bc                bte_hci_patch_complete
 .text.bte_hci_initcore_complete
                0x80a0d93c      0x280 /opt/devkitpro/libogc/lib/wii/libbte.a(bte.o)
                0x80a0d93c                bte_hci_initcore_complete
 .text.bte_read_stored_link_key_complete
                0x80a0dbbc      0x27c /opt/devkitpro/libogc/lib/wii/libbte.a(bte.o)
                0x80a0dbbc                bte_read_stored_link_key_complete
 .text.bte_hci_initcore_complete2
                0x80a0de38      0x22c /opt/devkitpro/libogc/lib/wii/libbte.a(bte.o)
 .text.bte_hci_initsub_complete
                0x80a0e064      0x280 /opt/devkitpro/libogc/lib/wii/libbte.a(bte.o)
                0x80a0e064                bte_hci_initsub_complete
 .text.BTE_Init
                0x80a0e2e4      0x138 /opt/devkitpro/libogc/lib/wii/libbte.a(bte.o)
                0x80a0e2e4                BTE_Init
 .text.BTE_Shutdown
                0x80a0e41c      0x100 /opt/devkitpro/libogc/lib/wii/libbte.a(bte.o)
                0x80a0e41c                BTE_Shutdown
 .text.BTE_InitCore
                0x80a0e51c       0x8c /opt/devkitpro/libogc/lib/wii/libbte.a(bte.o)
                0x80a0e51c                BTE_InitCore
 .text.BTE_ApplyPatch
                0x80a0e5a8       0xa4 /opt/devkitpro/libogc/lib/wii/libbte.a(bte.o)
                0x80a0e5a8                BTE_ApplyPatch
 .text.BTE_InitSub
                0x80a0e64c       0x90 /opt/devkitpro/libogc/lib/wii/libbte.a(bte.o)
                0x80a0e64c                BTE_InitSub
 .text.BTE_ReadStoredLinkKey
                0x80a0e6dc       0x90 /opt/devkitpro/libogc/lib/wii/libbte.a(bte.o)
                0x80a0e6dc                BTE_ReadStoredLinkKey
 .text.BTE_SetDisconnectCallback
                0x80a0e76c        0x4 /opt/devkitpro/libogc/lib/wii/libbte.a(bte.o)
                0x80a0e76c                BTE_SetDisconnectCallback
 .text.bte_new  0x80a0e770       0x54 /opt/devkitpro/libogc/lib/wii/libbte.a(bte.o)
                0x80a0e770                bte_new
 .text.bte_registerdeviceasync
                0x80a0e7c4      0x158 /opt/devkitpro/libogc/lib/wii/libbte.a(bte.o)
                0x80a0e7c4                bte_registerdeviceasync
 .text.bte_disconnect
                0x80a0e91c       0xd8 /opt/devkitpro/libogc/lib/wii/libbte.a(bte.o)
                0x80a0e91c                bte_disconnect
 .text.bte_senddata
                0x80a0e9f4      0x104 /opt/devkitpro/libogc/lib/wii/libbte.a(bte.o)
                0x80a0e9f4                bte_senddata
 .text.bte_arg  0x80a0eaf8       0x38 /opt/devkitpro/libogc/lib/wii/libbte.a(bte.o)
                0x80a0eaf8                bte_arg
 .text.bte_received
                0x80a0eb30       0x38 /opt/devkitpro/libogc/lib/wii/libbte.a(bte.o)
                0x80a0eb30                bte_received
 .text.bte_disconnected
                0x80a0eb68       0x38 /opt/devkitpro/libogc/lib/wii/libbte.a(bte.o)
                0x80a0eb68                bte_disconnected
 .text.hci_get_link
                0x80a0eba0       0x84 /opt/devkitpro/libogc/lib/wii/libbte.a(hci.o)
 .text.hci_init
                0x80a0ec24       0x80 /opt/devkitpro/libogc/lib/wii/libbte.a(hci.o)
                0x80a0ec24                hci_init
 .text.hci_close
                0x80a0eca4       0xd0 /opt/devkitpro/libogc/lib/wii/libbte.a(hci.o)
                0x80a0eca4                hci_close
 .text.hci_reset_all
                0x80a0ed74       0xb8 /opt/devkitpro/libogc/lib/wii/libbte.a(hci.o)
                0x80a0ed74                hci_reset_all
 .text.hci_arg  0x80a0ee2c        0xc /opt/devkitpro/libogc/lib/wii/libbte.a(hci.o)
                0x80a0ee2c                hci_arg
 .text.hci_cmd_complete
                0x80a0ee38        0xc /opt/devkitpro/libogc/lib/wii/libbte.a(hci.o)
                0x80a0ee38                hci_cmd_complete
 .text.hci_connection_complete
                0x80a0ee44        0xc /opt/devkitpro/libogc/lib/wii/libbte.a(hci.o)
                0x80a0ee44                hci_connection_complete
 .text.hci_wlp_complete
                0x80a0ee50        0xc /opt/devkitpro/libogc/lib/wii/libbte.a(hci.o)
                0x80a0ee50                hci_wlp_complete
 .text.hci_reset
                0x80a0ee5c       0xac /opt/devkitpro/libogc/lib/wii/libbte.a(hci.o)
                0x80a0ee5c                hci_reset
 .text.hci_read_buffer_size
                0x80a0ef08       0xac /opt/devkitpro/libogc/lib/wii/libbte.a(hci.o)
                0x80a0ef08                hci_read_buffer_size
 .text.hci_read_bd_addr
                0x80a0efb4       0xac /opt/devkitpro/libogc/lib/wii/libbte.a(hci.o)
                0x80a0efb4                hci_read_bd_addr
 .text.hci_read_local_version
                0x80a0f060       0xa8 /opt/devkitpro/libogc/lib/wii/libbte.a(hci.o)
                0x80a0f060                hci_read_local_version
 .text.hci_read_local_features
                0x80a0f108       0xac /opt/devkitpro/libogc/lib/wii/libbte.a(hci.o)
                0x80a0f108                hci_read_local_features
 .text.hci_read_stored_link_key
                0x80a0f1b4      0x100 /opt/devkitpro/libogc/lib/wii/libbte.a(hci.o)
                0x80a0f1b4                hci_read_stored_link_key
 .text.hci_write_page_timeout
                0x80a0f2b4       0xd0 /opt/devkitpro/libogc/lib/wii/libbte.a(hci.o)
                0x80a0f2b4                hci_write_page_timeout
 .text.hci_write_scan_enable
                0x80a0f384       0xbc /opt/devkitpro/libogc/lib/wii/libbte.a(hci.o)
                0x80a0f384                hci_write_scan_enable
 .text.hci_accecpt_conn_request
                0x80a0f440       0xe0 /opt/devkitpro/libogc/lib/wii/libbte.a(hci.o)
                0x80a0f440                hci_accecpt_conn_request
 .text.hci_write_local_name
                0x80a0f520       0xd8 /opt/devkitpro/libogc/lib/wii/libbte.a(hci.o)
                0x80a0f520                hci_write_local_name
 .text.hci_write_pin_type
                0x80a0f5f8       0xbc /opt/devkitpro/libogc/lib/wii/libbte.a(hci.o)
                0x80a0f5f8                hci_write_pin_type
 .text.hci_write_inquiry_mode
                0x80a0f6b4       0xbc /opt/devkitpro/libogc/lib/wii/libbte.a(hci.o)
                0x80a0f6b4                hci_write_inquiry_mode
 .text.hci_write_page_scan_type
                0x80a0f770       0xbc /opt/devkitpro/libogc/lib/wii/libbte.a(hci.o)
                0x80a0f770                hci_write_page_scan_type
 .text.hci_write_inquiry_scan_type
                0x80a0f82c       0xbc /opt/devkitpro/libogc/lib/wii/libbte.a(hci.o)
                0x80a0f82c                hci_write_inquiry_scan_type
 .text.hci_vendor_specific_command
                0x80a0f8e8       0xe8 /opt/devkitpro/libogc/lib/wii/libbte.a(hci.o)
                0x80a0f8e8                hci_vendor_specific_command
 .text.hci_write_link_policy_settings
                0x80a0f9d0      0x104 /opt/devkitpro/libogc/lib/wii/libbte.a(hci.o)
                0x80a0f9d0                hci_write_link_policy_settings
 .text.hci_pin_code_request_neg_reply
                0x80a0fad4       0xcc /opt/devkitpro/libogc/lib/wii/libbte.a(hci.o)
                0x80a0fad4                hci_pin_code_request_neg_reply
 .text.hci_link_key_req_neg_reply
                0x80a0fba0       0xcc /opt/devkitpro/libogc/lib/wii/libbte.a(hci.o)
                0x80a0fba0                hci_link_key_req_neg_reply
 .text.hci_disconnect
                0x80a0fc6c       0xfc /opt/devkitpro/libogc/lib/wii/libbte.a(hci.o)
                0x80a0fc6c                hci_disconnect
 .text.hci_write_cod
                0x80a0fd68       0xcc /opt/devkitpro/libogc/lib/wii/libbte.a(hci.o)
                0x80a0fd68                hci_write_cod
 .text.hci_host_buffer_size
                0x80a0fe34      0x10c /opt/devkitpro/libogc/lib/wii/libbte.a(hci.o)
                0x80a0fe34                hci_host_buffer_size
 .text.hci_host_num_comp_packets
                0x80a0ff40      0x108 /opt/devkitpro/libogc/lib/wii/libbte.a(hci.o)
                0x80a0ff40                hci_host_num_comp_packets
 .text.lp_pdu_maxsize
                0x80a10048        0xc /opt/devkitpro/libogc/lib/wii/libbte.a(hci.o)
                0x80a10048                lp_pdu_maxsize
 .text.lp_acl_write
                0x80a10054      0x158 /opt/devkitpro/libogc/lib/wii/libbte.a(hci.o)
                0x80a10054                lp_acl_write
 .text.lp_write_flush_timeout
                0x80a101ac      0x104 /opt/devkitpro/libogc/lib/wii/libbte.a(hci.o)
                0x80a101ac                lp_write_flush_timeout
 .text.hci_event_handler
                0x80a102b0      0xc7c /opt/devkitpro/libogc/lib/wii/libbte.a(hci.o)
                0x80a102b0                hci_event_handler
 .text.hci_acldata_handler
                0x80a10f2c      0x11c /opt/devkitpro/libogc/lib/wii/libbte.a(hci.o)
                0x80a10f2c                hci_acldata_handler
 .text.l2cap_init
                0x80a11048       0x60 /opt/devkitpro/libogc/lib/wii/libbte.a(l2cap.o)
                0x80a11048                l2cap_init
 .text.l2cap_write
                0x80a110a8      0x1a0 /opt/devkitpro/libogc/lib/wii/libbte.a(l2cap.o)
                0x80a110a8                l2cap_write
 .text.l2cap_new
                0x80a11248       0x60 /opt/devkitpro/libogc/lib/wii/libbte.a(l2cap.o)
                0x80a11248                l2cap_new
 .text.l2cap_close
                0x80a112a8      0x1d4 /opt/devkitpro/libogc/lib/wii/libbte.a(l2cap.o)
                0x80a112a8                l2cap_close
 .text.l2cap_reset_all
                0x80a1147c      0x154 /opt/devkitpro/libogc/lib/wii/libbte.a(l2cap.o)
                0x80a1147c                l2cap_reset_all
 .text.l2cap_signal
                0x80a115d0      0x204 /opt/devkitpro/libogc/lib/wii/libbte.a(l2cap.o)
                0x80a115d0                l2cap_signal
 .text.l2ca_config_req
                0x80a117d4      0x158 /opt/devkitpro/libogc/lib/wii/libbte.a(l2cap.o)
                0x80a117d4                l2ca_config_req
 .text.l2ca_disconnect_req
                0x80a1192c       0xcc /opt/devkitpro/libogc/lib/wii/libbte.a(l2cap.o)
                0x80a1192c                l2ca_disconnect_req
 .text.l2cap_tmr
                0x80a119f8      0x260 /opt/devkitpro/libogc/lib/wii/libbte.a(l2cap.o)
                0x80a119f8                l2cap_tmr
 .text.l2cap_process_sig
                0x80a11c58     0x1334 /opt/devkitpro/libogc/lib/wii/libbte.a(l2cap.o)
                0x80a11c58                l2cap_process_sig
 .text.l2cap_input
                0x80a12f8c      0x578 /opt/devkitpro/libogc/lib/wii/libbte.a(l2cap.o)
                0x80a12f8c                l2cap_input
 .text.l2ca_datawrite
                0x80a13504      0x128 /opt/devkitpro/libogc/lib/wii/libbte.a(l2cap.o)
                0x80a13504                l2ca_datawrite
 .text.lp_connect_cfm
                0x80a1362c      0x184 /opt/devkitpro/libogc/lib/wii/libbte.a(l2cap.o)
                0x80a1362c                lp_connect_cfm
 .text.lp_connect_ind